Component: ARM Compiler 5.06 update 7 (build 960) Tool: armlink [4d3601]

==============================================================================

Section Cross References

    startup_stm32f103xe.o(RESET) refers to startup_stm32f103xe.o(STACK) for __initial_sp
    startup_stm32f103xe.o(RESET) refers to startup_stm32f103xe.o(.text) for Reset_Handler
    startup_stm32f103xe.o(RESET) refers to stm32f1xx_it.o(i.NMI_Handler) for NMI_Handler
    startup_stm32f103xe.o(RESET) refers to stm32f1xx_it.o(i.HardFault_Handler) for HardFault_Handler
    startup_stm32f103xe.o(RESET) refers to stm32f1xx_it.o(i.MemManage_Handler) for MemManage_Handler
    startup_stm32f103xe.o(RESET) refers to stm32f1xx_it.o(i.BusFault_Handler) for BusFault_Handler
    startup_stm32f103xe.o(RESET) refers to stm32f1xx_it.o(i.UsageFault_Handler) for UsageFault_Handler
    startup_stm32f103xe.o(RESET) refers to stm32f1xx_it.o(i.SVC_Handler) for SVC_Handler
    startup_stm32f103xe.o(RESET) refers to stm32f1xx_it.o(i.DebugMon_Handler) for DebugMon_Handler
    startup_stm32f103xe.o(RESET) refers to stm32f1xx_it.o(i.PendSV_Handler) for PendSV_Handler
    startup_stm32f103xe.o(RESET) refers to stm32f1xx_it.o(i.SysTick_Handler) for SysTick_Handler
    startup_stm32f103xe.o(RESET) refers to main.o(i.EXTI0_IRQHandler) for EXTI0_IRQHandler
    startup_stm32f103xe.o(RESET) refers to main.o(i.EXTI1_IRQHandler) for EXTI1_IRQHandler
    startup_stm32f103xe.o(RESET) refers to main.o(i.EXTI2_IRQHandler) for EXTI2_IRQHandler
    startup_stm32f103xe.o(RESET) refers to stm32f1xx_it.o(i.DMA1_Channel1_IRQHandler) for DMA1_Channel1_IRQHandler
    startup_stm32f103xe.o(RESET) refers to main.o(i.EXTI9_5_IRQHandler) for EXTI9_5_IRQHandler
    startup_stm32f103xe.o(RESET) refers to main.o(i.EXTI15_10_IRQHandler) for EXTI15_10_IRQHandler
    startup_stm32f103xe.o(RESET) refers to stm32f1xx_it.o(i.TIM6_IRQHandler) for TIM6_IRQHandler
    startup_stm32f103xe.o(RESET) refers to stm32f1xx_it.o(i.TIM7_IRQHandler) for TIM7_IRQHandler
    startup_stm32f103xe.o(.text) refers to system_stm32f1xx.o(i.SystemInit) for SystemInit
    startup_stm32f103xe.o(.text) refers to entry.o(.ARM.Collect$$$$00000000) for __main
    sd_card.o(i.Init_SD) refers to ff.o(i.f_mount) for f_mount
    sd_card.o(i.Init_SD) refers to sd_card.o(.bss) for .bss
    sd_card.o(i.Init_SD) refers to sd_card.o(.data) for .data
    sd_card.o(i.check_free_SD) refers to ff.o(i.f_getfree) for f_getfree
    sd_card.o(i.check_free_SD) refers to dfltui.o(.text) for __aeabi_ui2d
    sd_card.o(i.check_free_SD) refers to dscalb.o(.text) for __ARM_scalbn
    sd_card.o(i.check_free_SD) refers to dfixui.o(.text) for __aeabi_d2uiz
    sd_card.o(i.check_free_SD) refers to malloc.o(i.malloc) for malloc
    sd_card.o(i.check_free_SD) refers to sd_card.o(i.SD_intToStr) for SD_intToStr
    sd_card.o(i.check_free_SD) refers to malloc.o(i.free) for free
    sd_card.o(i.check_free_SD) refers to sd_card.o(.data) for .data
    sd_card.o(i.close_SD) refers to sd_card.o(i.close_file_SD) for close_file_SD
    sd_card.o(i.close_file_SD) refers to ff.o(i.f_close) for f_close
    sd_card.o(i.close_file_SD) refers to sd_card.o(.data) for .data
    sd_card.o(i.close_file_SD) refers to sd_card.o(.bss) for .bss
    sd_card.o(i.open_SD) refers to sd_card.o(i.open_file_SD) for open_file_SD
    sd_card.o(i.open_file_SD) refers to ff.o(i.f_open) for f_open
    sd_card.o(i.open_file_SD) refers to sd_card.o(.data) for .data
    sd_card.o(i.open_file_SD) refers to sd_card.o(.bss) for .bss
    sd_card.o(i.write_SD) refers to sd_card.o(i.write_to_file_SD) for write_to_file_SD
    sd_card.o(i.write_info) refers to ff.o(i.f_write) for f_write
    sd_card.o(i.write_info) refers to sd_card.o(.data) for .data
    sd_card.o(i.write_info) refers to sd_card.o(.bss) for .bss
    sd_card.o(i.write_to_file_SD) refers to malloc.o(i.malloc) for malloc
    sd_card.o(i.write_to_file_SD) refers to ffixi.o(.text) for __aeabi_f2iz
    sd_card.o(i.write_to_file_SD) refers to fflti.o(.text) for __aeabi_i2f
    sd_card.o(i.write_to_file_SD) refers to fadd.o(.text) for __aeabi_frsub
    sd_card.o(i.write_to_file_SD) refers to sd_card.o(i.SD_intToStr) for SD_intToStr
    sd_card.o(i.write_to_file_SD) refers to f2d.o(.text) for __aeabi_f2d
    sd_card.o(i.write_to_file_SD) refers to dmul.o(.text) for __aeabi_dmul
    sd_card.o(i.write_to_file_SD) refers to d2f.o(.text) for __aeabi_d2f
    sd_card.o(i.write_to_file_SD) refers to ff.o(i.f_write) for f_write
    sd_card.o(i.write_to_file_SD) refers to malloc.o(i.free) for free
    sd_card.o(i.write_to_file_SD) refers to sd_card.o(.data) for .data
    sd_card.o(i.write_to_file_SD) refers to sd_card.o(.bss) for .bss
    sd_fatfs.o(i.DESELECT) refers to stm32f1xx_hal_gpio.o(i.HAL_GPIO_WritePin) for HAL_GPIO_WritePin
    sd_fatfs.o(i.SD_PowerOn) refers to sd_fatfs.o(i.DESELECT) for DESELECT
    sd_fatfs.o(i.SD_PowerOn) refers to sd_fatfs.o(i.SPI_TxByte) for SPI_TxByte
[...]
    i.USER_ioctl                             0x08004344   Section        0  user_diskio.o(i.USER_ioctl)
    i.USER_read                              0x08004348   Section        0  user_diskio.o(i.USER_read)
    i.USER_status                            0x0800434c   Section        0  user_diskio.o(i.USER_status)
    i.USER_write                             0x08004350   Section        0  user_diskio.o(i.USER_write)
    i.UsageFault_Handler                     0x08004354   Section        0  stm32f1xx_it.o(i.UsageFault_Handler)
    i.WaitForADC                             0x08004358   Section        0  ad7193.o(i.WaitForADC)
    i.__ARM_fpclassify                       0x0800438c   Section        0  fpclassify.o(i.__ARM_fpclassify)
    i.__NVIC_SetPriority                     0x080043b4   Section        0  stm32f1xx_hal_cortex.o(i.__NVIC_SetPriority)
    __NVIC_SetPriority                       0x080043b5   Thumb Code    32  stm32f1xx_hal_cortex.o(i.__NVIC_SetPriority)
    i.__kernel_poly                          0x080043d4   Section        0  poly.o(i.__kernel_poly)
    i.__mathlib_dbl_divzero                  0x08004480   Section        0  dunder.o(i.__mathlib_dbl_divzero)
    i.__mathlib_dbl_infnan2                  0x08004490   Section        0  dunder.o(i.__mathlib_dbl_infnan2)
    i.__mathlib_dbl_invalid                  0x08004494   Section        0  dunder.o(i.__mathlib_dbl_invalid)
    i.__mathlib_dbl_overflow                 0x080044a0   Section        0  dunder.o(i.__mathlib_dbl_overflow)
    i.__mathlib_dbl_underflow                0x080044b0   Section        0  dunder.o(i.__mathlib_dbl_underflow)
    i.__scatterload_copy                     0x080044c0   Section       14  handlers.o(i.__scatterload_copy)
    i.__scatterload_null                     0x080044ce   Section        2  handlers.o(i.__scatterload_null)
    i.__scatterload_zeroinit                 0x080044d0   Section       14  handlers.o(i.__scatterload_zeroinit)
    i.__set_errno                            0x080044e0   Section        0  errno.o(i.__set_errno)
    i.check_fs                               0x080044ec   Section        0  ff.o(i.check_fs)
    check_fs                                 0x080044ed   Thumb Code   116  ff.o(i.check_fs)
    i.chk_chr                                0x08004564   Section        0  ff.o(i.chk_chr)
    chk_chr                                  0x08004565   Thumb Code    16  ff.o(i.chk_chr)
    i.chk_lock                               0x08004574   Section        0  ff.o(i.chk_lock)
    chk_lock                                 0x08004575   Thumb Code   100  ff.o(i.chk_lock)
    i.clear_lock                             0x080045dc   Section        0  ff.o(i.clear_lock)
    clear_lock                               0x080045dd   Thumb Code    32  ff.o(i.clear_lock)
    i.clmt_clust                             0x08004600   Section        0  ff.o(i.clmt_clust)
    clmt_clust                               0x08004601   Thumb Code    46  ff.o(i.clmt_clust)
    i.close_SD                               0x0800462e   Section        0  sd_card.o(i.close_SD)
    i.close_file_SD                          0x08004678   Section        0  sd_card.o(i.close_file_SD)
    i.clust2sect                             0x080046e0   Section        0  ff.o(i.clust2sect)
    i.create_chain                           0x080046fc   Section        0  ff.o(i.create_chain)
    create_chain                             0x080046fd   Thumb Code   164  ff.o(i.create_chain)
    i.create_name                            0x080047a0   Section        0  ff.o(i.create_name)
    create_name                              0x080047a1   Thumb Code   492  ff.o(i.create_name)
    i.dec_lock                               0x080049a4   Section        0  ff.o(i.dec_lock)
    dec_lock                                 0x080049a5   Thumb Code    54  ff.o(i.dec_lock)
    i.dir_find                               0x080049e0   Section        0  ff.o(i.dir_find)
    dir_find                                 0x080049e1   Thumb Code   314  ff.o(i.dir_find)
    i.dir_next                               0x08004b20   Section        0  ff.o(i.dir_next)
    dir_next                                 0x08004b21   Thumb Code   284  ff.o(i.dir_next)
    i.dir_register                           0x08004c3c   Section        0  ff.o(i.dir_register)
    dir_register                             0x08004c3d   Thumb Code   444  ff.o(i.dir_register)
    i.dir_sdi                                0x08004dfc   Section        0  ff.o(i.dir_sdi)
    dir_sdi                                  0x08004dfd   Thumb Code   154  ff.o(i.dir_sdi)
    i.disk_initialize                        0x08004e98   Section        0  diskio.o(i.disk_initialize)
    i.disk_ioctl                             0x08004ec0   Section        0  diskio.o(i.disk_ioctl)
    i.disk_read                              0x08004edc   Section        0  diskio.o(i.disk_read)
    i.disk_status                            0x08004ef8   Section        0  diskio.o(i.disk_status)
    i.disk_write                             0x08004f10   Section        0  diskio.o(i.disk_write)
    i.f_close                                0x08004f2c   Section        0  ff.o(i.f_close)
    i.f_mount                                0x08004f58   Section        0  ff.o(i.f_mount)
    i.f_open                                 0x08004fbc   Section        0  ff.o(i.f_open)
    i.f_sync                                 0x080051bc   Section        0  ff.o(i.f_sync)
    i.f_write                                0x0800525e   Section        0  ff.o(i.f_write)
    i.ff_convert                             0x08005424   Section        0  ccsbcs.o(i.ff_convert)
    i.ff_wtoupper                            0x0800545c   Section        0  ccsbcs.o(i.ff_wtoupper)
    i.find_volume                            0x08005480   Section        0  ff.o(i.find_volume)
    find_volume                              0x08005481   Thumb Code   720  ff.o(i.find_volume)
    i.follow_path                            0x0800575c   Section        0  ff.o(i.follow_path)
    follow_path                              0x0800575d   Thumb Code   106  ff.o(i.follow_path)
    i.free                                   0x080057c8   Section        0  malloc.o(i.free)
    i.gen_numname                            0x08005818   Section        0  ff.o(i.gen_numname)
    gen_numname                              0x08005819   Thumb Code   122  ff.o(i.gen_numname)
    i.get_fat                                0x08005898   Section        0  ff.o(i.get_fat)
    i.get_fattime                            0x08005988   Section        0  fatfs.o(i.get_fattime)
    i.get_ldnumber                           0x0800598c   Section        0  ff.o(i.get_ldnumber)
    get_ldnumber                             0x0800598d   Thumb Code    60  ff.o(i.get_ldnumber)
    i.inc_lock                               0x080059c8   Section        0  ff.o(i.inc_lock)
    inc_lock                                 0x080059c9   Thumb Code   146  ff.o(i.inc_lock)
    i.ld_clust                               0x08005a60   Section        0  ff.o(i.ld_clust)
    ld_clust                                 0x08005a61   Thumb Code    22  ff.o(i.ld_clust)
    i.main                                   0x08005a78   Section        0  main.o(i.main)
    i.malloc                                 0x08005c94   Section        0  malloc.o(i.malloc)
    i.mem_cpy                                0x08005d00   Section        0  ff.o(i.mem_cpy)
    mem_cpy                                  0x08005d01   Thumb Code    18  ff.o(i.mem_cpy)
    i.mem_set                                0x08005d12   Section        0  ff.o(i.mem_set)
    mem_set                                  0x08005d13   Thumb Code    14  ff.o(i.mem_set)
    i.move_window                            0x08005d20   Section        0  ff.o(i.move_window)
    move_window                              0x08005d21   Thumb Code    56  ff.o(i.move_window)
    i.open_SD                                0x08005d58   Section        0  sd_card.o(i.open_SD)
    i.open_file_SD                           0x08005da0   Section        0  sd_card.o(i.open_file_SD)
    i.pow                                    0x08005e88   Section        0  pow.o(i.pow)
    i.put_fat                                0x08006860   Section        0  ff.o(i.put_fat)
    i.remove_chain                           0x0800697c   Section        0  ff.o(i.remove_chain)
    remove_chain                             0x0800697d   Thumb Code   102  ff.o(i.remove_chain)
    i.sqrt                                   0x080069e2   Section        0  sqrt.o(i.sqrt)
    i.ssd1306_clear_screen                   0x08006a30   Section        0  ssd1306.o(i.ssd1306_clear_screen)
    i.ssd1306_display_char                   0x08006a7c   Section        0  ssd1306.o(i.ssd1306_display_char)
    i.ssd1306_display_string                 0x08006b10   Section        0  ssd1306.o(i.ssd1306_display_string)
    i.ssd1306_draw_bitmap                    0x08006b68   Section        0  ssd1306.o(i.ssd1306_draw_bitmap)
    i.ssd1306_draw_point                     0x08006bc8   Section        0  ssd1306.o(i.ssd1306_draw_point)
    i.ssd1306_init                           0x08006c04   Section        0  ssd1306.o(i.ssd1306_init)
    i.ssd1306_refresh_gram                   0x08006d14   Section        0  ssd1306.o(i.ssd1306_refresh_gram)
    i.ssd1306_write_byte                     0x08006d60   Section        0  ssd1306.o(i.ssd1306_write_byte)
    ssd1306_write_byte                       0x08006d61   Thumb Code    70  ssd1306.o(i.ssd1306_write_byte)
    i.st_clust                               0x08006db0   Section        0  ff.o(i.st_clust)
    st_clust                                 0x08006db1   Thumb Code    16  ff.o(i.st_clust)
    i.sum_sfn                                0x08006dc0   Section        0  ff.o(i.sum_sfn)
    sum_sfn                                  0x08006dc1   Thumb Code    26  ff.o(i.sum_sfn)
    i.sync_fs                                0x08006dda   Section        0  ff.o(i.sync_fs)
    sync_fs                                  0x08006ddb   Thumb Code   168  ff.o(i.sync_fs)
    i.sync_window                            0x08006e82   Section        0  ff.o(i.sync_window)
    sync_window                              0x08006e83   Thumb Code    82  ff.o(i.sync_window)
    i.validate                               0x08006ed4   Section        0  ff.o(i.validate)
    validate                                 0x08006ed5   Thumb Code    42  ff.o(i.validate)
    i.write_SD                               0x08006efe   Section        0  sd_card.o(i.write_SD)
    i.write_info                             0x08006f7c   Section        0  sd_card.o(i.write_info)
    i.write_to_file_SD                       0x08007198   Section        0  sd_card.o(i.write_to_file_SD)
    .constdata                               0x080074bc   Section     1140  fonts.o(.constdata)
    .constdata                               0x08007930   Section     1520  fonts.o(.constdata)
    .constdata                               0x08007f20   Section       16  fonts.o(.constdata)
    .constdata                               0x08007f30   Section       16  fonts.o(.constdata)
    .constdata                               0x08007f40   Section       16  fonts.o(.constdata)
    .constdata                               0x08007f50   Section       16  fonts.o(.constdata)
    .constdata                               0x08007f60   Section       16  fonts.o(.constdata)
    .constdata                               0x08007f70   Section       16  system_stm32f1xx.o(.constdata)
    .constdata                               0x08007f80   Section      186  ff.o(.constdata)
    ExCvt                                    0x08007f80   Data         128  ff.o(.constdata)
    LfnOfs                                   0x08008000   Data          13  ff.o(.constdata)
    vst                                      0x0800800e   Data          22  ff.o(.constdata)
    cst                                      0x08008024   Data          22  ff.o(.constdata)
    .constdata                               0x0800803a   Section     1216  ccsbcs.o(.constdata)
    Tbl                                      0x0800803a   Data         256  ccsbcs.o(.constdata)
    tbl_lower                                0x0800813a   Data         480  ccsbcs.o(.constdata)
    tbl_upper                                0x0800831a   Data         480  ccsbcs.o(.constdata)
    .constdata                               0x08008500   Section      136  pow.o(.constdata)
    bp                                       0x08008500   Data          16  pow.o(.constdata)
    dp_h                                     0x08008510   Data          16  pow.o(.constdata)
    dp_l                                     0x08008520   Data          16  pow.o(.constdata)
    L                                        0x08008530   Data          48  pow.o(.constdata)
    P                                        0x08008560   Data          40  pow.o(.constdata)
    .constdata                               0x08008588   Section        8  qnan.o(.constdata)
    .data                                    0x20000000   Section       16  sd_card.o(.data)
    .data                                    0x20000010   Section        3  sd_fatfs.o(.data)
    PowerFlag                                0x20000010   Data           1  sd_fatfs.o(.data)
    Stat                                     0x20000011   Data           1  sd_fatfs.o(.data)
    CardType                                 0x20000012   Data           1  sd_fatfs.o(.data)
    .data                                    0x20000014   Section       48  ad7193.o(.data)
    .data                                    0x20000044   Section      148  main.o(.data)
    .data                                    0x200000d8   Section        4  tim.o(.data)
    .data                                    0x200000dc   Section        2  stm32f1xx_it.o(.data)
    .data                                    0x200000e0   Section       20  user_diskio.o(.data)
    .data                                    0x200000f4   Section        5  fatfs.o(.data)
    .data                                    0x200000fc   Section       12  stm32f1xx_hal.o(.data)
    .data                                    0x20000108   Section        4  system_stm32f1xx.o(.data)
    .data                                    0x2000010c   Section        8  ff.o(.data)
    Fsid                                     0x2000010c   Data           2  ff.o(.data)
    FatFs                                    0x20000110   Data           4  ff.o(.data)
    .data                                    0x20000114   Section        4  mvars.o(.data)
    .data                                    0x20000118   Section        4  mvars.o(.data)
    .data                                    0x2000011c   Section        4  errno.o(.data)
    _errno                                   0x2000011c   Data           4  errno.o(.data)
    .bss                                     0x20000120   Section    37264  sd_card.o(.bss)
    .bss                                     0x200092b0   Section     1024  ssd1306.o(.bss)
    s_chDispalyBuffer                        0x200092b0   Data        1024  ssd1306.o(.bss)
    .bss                                     0x200096b0   Section      116  adc.o(.bss)
    .bss                                     0x20009724   Section      264  spi.o(.bss)
    .bss                                     0x2000982c   Section      144  tim.o(.bss)
    .bss                                     0x200098bc   Section      608  ff.o(.bss)
    Files                                    0x200098bc   Data          96  ff.o(.bss)
    LfnBuf                                   0x2000991c   Data         512  ff.o(.bss)
    .bss                                     0x20009b1c   Section       12  ff_gen_drv.o(.bss)
    HEAP                                     0x20009b28   Section      512  startup_stm32f103xe.o(HEAP)
    STACK                                    0x20009d28   Section     1024  startup_stm32f103xe.o(STACK)

    Global Symbols

    Symbol Name                              Value     Ov Type        Size  Object(Section)

    BuildAttributes$$THM_ISAv4$P$D$K$B$S$PE$A:L22UL41UL21$X:L11$S22US41US21$IEEE1$IW$USESV6$~STKCKD$USESV7$~SHL$OTIME$ROPI$IEEEX$EBA8$MICROLIB$REQ8$PRES8$EABIv2 0x00000000   Number         0  anon$$obj.o ABSOLUTE
    __ARM_use_no_argv                        0x00000000   Number         0  main.o ABSOLUTE
    __arm_fini_                               - Undefined Weak Reference
    __cpp_initialize__aeabi_                  - Undefined Weak Reference
    __cxa_finalize                            - Undefined Weak Reference
    __decompress                              - Undefined Weak Reference
    _clock_init                               - Undefined Weak Reference
    _microlib_exit                            - Undefined Weak Reference
    __Vectors_Size                           0x00000130   Number         0  startup_stm32f103xe.o ABSOLUTE
    __Vectors                                0x08000000   Data           4  startup_stm32f103xe.o(RESET)
    __Vectors_End                            0x08000130   Data           0  startup_stm32f103xe.o(RESET)
    __main                                   0x08000131   Thumb Code     0  entry.o(.ARM.Collect$$$$00000000)
    _main_stk                                0x08000131   Thumb Code     0  entry2.o(.ARM.Collect$$$$00000001)
    _main_scatterload                        0x08000135   Thumb Code     0  entry5.o(.ARM.Collect$$$$00000004)
    __main_after_scatterload                 0x08000139   Thumb Code     0  entry5.o(.ARM.Collect$$$$00000004)
    _main_clock                              0x08000139   Thumb Code     0  entry7b.o(.ARM.Collect$$$$00000008)
    _main_cpp_init                           0x08000139   Thumb Code     0  entry8b.o(.ARM.Collect$$$$0000000A)
    _main_init                               0x08000139   Thumb Code     0  entry9a.o(.ARM.Collect$$$$0000000B)
    __rt_lib_shutdown_fini                   0x08000141   Thumb Code     0  entry12b.o(.ARM.Collect$$$$0000000E)
    __rt_final_cpp                           0x08000145   Thumb Code     0  entry10a.o(.ARM.Collect$$$$0000000F)
    __rt_final_exit                          0x08000145   Thumb Code     0  entry11a.o(.ARM.Collect$$$$00000011)
    Reset_Handler                            0x08000149   Thumb Code     8  startup_stm32f103xe.o(.text)
    ADC1_2_IRQHandler                        0x08000163   Thumb Code     0  startup_stm32f103xe.o(.text)
    ADC3_IRQHandler                          0x08000163   Thumb Code     0  startup_stm32f103xe.o(.text)
    CAN1_RX1_IRQHandler                      0x08000163   Thumb Code     0  startup_stm32f103xe.o(.text)
    CAN1_SCE_IRQHandler                      0x08000163   Thumb Code     0  startup_stm32f103xe.o(.text)
    DMA1_Channel2_IRQHandler                 0x08000163   Thumb Code     0  startup_stm32f103xe.o(.text)
    DMA1_Channel3_IRQHandler                 0x08000163   Thumb Code     0  startup_stm32f103xe.o(.text)
    DMA1_Channel4_IRQHandler                 0x08000163   Thumb Code     0  startup_stm32f103xe.o(.text)
    DMA1_Channel5_IRQHandler                 0x08000163   Thumb Code     0  startup_stm32f103xe.o(.text)
    DMA1_Channel6_IRQHandler                 0x08000163   Thumb Code     0  startup_stm32f103xe.o(.text)
    DMA1_Channel7_IRQHandler                 0x08000163   Thumb Code     0  startup_stm32f103xe.o(.text)
    DMA2_Channel1_IRQHandler                 0x08000163   Thumb Code     0  startup_stm32f103xe.o(.text)
    DMA2_Channel2_IRQHandler                 0x08000163   Thumb Code     0  startup_stm32f103xe.o(.text)
    DMA2_Channel3_IRQHandler                 0x08000163   Thumb Code     0  startup_stm32f103xe.o(.text)
    DMA2_Channel4_5_IRQHandler               0x08000163   Thumb Code     0  startup_stm32f103xe.o(.text)
    EXTI3_IRQHandler                         0x08000163   Thumb Code     0  startup_stm32f103xe.o(.text)
    EXTI4_IRQHandler                         0x08000163   Thumb Code     0  startup_stm32f103xe.o(.text)
    FLASH_IRQHandler                         0x08000163   Thumb Code     0  startup_stm32f103xe.o(.text)
    FSMC_IRQHandler                          0x08000163   Thumb Code     0  startup_stm32f103xe.o(.text)
    I2C1_ER_IRQHandler                       0x08000163   Thumb Code     0  startup_stm32f103xe.o(.text)
    I2C1_EV_IRQHandler                       0x08000163   Thumb Code     0  startup_stm32f103xe.o(.text)
    I2C2_ER_IRQHandler                       0x08000163   Thumb Code     0  startup_stm32f103xe.o(.text)
    I2C2_EV_IRQHandler                       0x08000163   Thumb Code     0  startup_stm32f103xe.o(.text)
    PVD_IRQHandler                           0x08000163   Thumb Code     0  startup_stm32f103xe.o(.text)
    RCC_IRQHandler                           0x08000163   Thumb Code     0  startup_stm32f103xe.o(.text)
    RTC_Alarm_IRQHandler                     0x08000163   Thumb Code     0  startup_stm32f103xe.o(.text)
    RTC_IRQHandler                           0x08000163   Thumb Code     0  startup_stm32f103xe.o(.text)
    SDIO_IRQHandler                          0x08000163   Thumb Code     0  startup_stm32f103xe.o(.text)
    SPI1_IRQHandler                          0x08000163   Thumb Code     0  startup_stm32f103xe.o(.text)
    SPI2_IRQHandler                          0x08000163   Thumb Code     0  startup_stm32f103xe.o(.text)
    SPI3_IRQHandler                          0x08000163   Thumb Code     0  startup_stm32f103xe.o(.text)
    TAMPER_IRQHandler                        0x08000163   Thumb Code     0  startup_stm32f103xe.o(.text)
    TIM1_BRK_IRQHandler                      0x08000163   Thumb Code     0  startup_stm32f103xe.o(.text)
    TIM1_CC_IRQHandler                       0x08000163   Thumb Code     0  startup_stm32f103xe.o(.text)
    TIM1_TRG_COM_IRQHandler                  0x08000163   Thumb Code     0  startup_stm32f103xe.o(.text)
    TIM1_UP_IRQHandler                       0x08000163   Thumb Code     0  startup_stm32f103xe.o(.text)
    TIM2_IRQHandler                          0x08000163   Thumb Code     0  startup_stm32f103xe.o(.text)
    TIM3_IRQHandler                          0x08000163   Thumb Code     0  startup_stm32f103xe.o(.text)
    TIM4_IRQHandler                          0x08000163   Thumb Code     0  startup_stm32f103xe.o(.text)
    TIM5_IRQHandler                          0x08000163   Thumb Code     0  startup_stm32f103xe.o(.text)
    TIM8_BRK_IRQHandler                      0x08000163   Thumb Code     0  startup_stm32f103xe.o(.text)
    TIM8_CC_IRQHandler                       0x08000163   Thumb Code     0  startup_stm32f103xe.o(.text)
    TIM8_TRG_COM_IRQHandler                  0x08000163   Thumb Code     0  startup_stm32f103xe.o(.text)
    TIM8_UP_IRQHandler                       0x08000163   Thumb Code     0  startup_stm32f103xe.o(.text)
    UART4_IRQHandler                         0x08000163   Thumb Code     0  startup_stm32f103xe.o(.text)
    UART5_IRQHandler                         0x08000163   Thumb Code     0  startup_stm32f103xe.o(.text)
    USART1_IRQHandler                        0x08000163   Thumb Code     0  startup_stm32f103xe.o(.text)
    USART2_IRQHandler                        0x08000163   Thumb Code     0  startup_stm32f103xe.o(.text)
    USART3_IRQHandler                        0x08000163   Thumb Code     0  startup_stm32f103xe.o(.text)
    USBWakeUp_IRQHandler                     0x08000163   Thumb Code     0  startup_stm32f103xe.o(.text)
    USB_HP_CAN1_TX_IRQHandler                0x08000163   Thumb Code     0  startup_stm32f103xe.o(.text)
    USB_LP_CAN1_RX0_IRQHandler               0x08000163   Thumb Code     0  startup_stm32f103xe.o(.text)
    WWDG_IRQHandler                          0x08000163   Thumb Code     0  startup_stm32f103xe.o(.text)
    __aeabi_llsr                             0x0800016d   Thumb Code    32  llushr.o(.text)
    _ll_ushift_r                             0x0800016d   Thumb Code     0  llushr.o(.text)
    __aeabi_memset                           0x0800018d   Thumb Code    14  memseta.o(.text)
    __aeabi_memset4                          0x0800018d   Thumb Code     0  memseta.o(.text)
    __aeabi_memset8                          0x0800018d   Thumb Code     0  memseta.o(.text)
    __aeabi_memclr                           0x0800019b   Thumb Code     4  memseta.o(.text)
    __aeabi_memclr4                          0x0800019b   Thumb Code     0  memseta.o(.text)
    __aeabi_memclr8                          0x0800019b   Thumb Code     0  memseta.o(.text)
    _memset$wrapper                          0x0800019f   Thumb Code    18  memseta.o(.text)
    __aeabi_fadd                             0x080001b1   Thumb Code   164  fadd.o(.text)
    __aeabi_fsub                             0x08000255   Thumb Code     6  fadd.o(.text)
    __aeabi_frsub                            0x0800025b   Thumb Code     6  fadd.o(.text)
    __aeabi_fmul                             0x08000261   Thumb Code   100  fmul.o(.text)
    __aeabi_fdiv                             0x080002c5   Thumb Code   124  fdiv.o(.text)
    __ARM_scalbnf                            0x08000341   Thumb Code    24  fscalb.o(.text)
    scalbnf                                  0x08000341   Thumb Code     0  fscalb.o(.text)
    __aeabi_dadd                             0x08000359   Thumb Code   322  dadd.o(.text)
    __aeabi_dsub                             0x0800049b   Thumb Code     6  dadd.o(.text)
    __aeabi_drsub                            0x080004a1   Thumb Code     6  dadd.o(.text)
    __aeabi_dmul                             0x080004a7   Thumb Code   228  dmul.o(.text)
    __ARM_scalbn                             0x0800058b   Thumb Code    46  dscalb.o(.text)
    scalbn                                   0x0800058b   Thumb Code     0  dscalb.o(.text)
    __aeabi_i2f                              0x080005b9   Thumb Code    18  fflti.o(.text)
    __aeabi_ui2f                             0x080005cb   Thumb Code    10  ffltui.o(.text)
    __aeabi_i2d                              0x080005d5   Thumb Code    34  dflti.o(.text)
    __aeabi_ui2d                             0x080005f7   Thumb Code    26  dfltui.o(.text)
    __aeabi_f2iz                             0x08000611   Thumb Code    50  ffixi.o(.text)
    __aeabi_f2d                              0x08000643   Thumb Code    38  f2d.o(.text)
    __aeabi_d2f                              0x08000669   Thumb Code    56  d2f.o(.text)
    __aeabi_llsl                             0x080006a1   Thumb Code    30  llshl.o(.text)
    _ll_shift_l                              0x080006a1   Thumb Code     0  llshl.o(.text)
    __aeabi_lasr                             0x080006bf   Thumb Code    36  llsshr.o(.text)
    _ll_sshift_r                             0x080006bf   Thumb Code     0  llsshr.o(.text)
    __I$use$fp                               0x080006e3   Thumb Code     0  iusefp.o(.text)
    _float_round                             0x080006e3   Thumb Code    18  fepilogue.o(.text)
    _float_epilogue                          0x080006f5   Thumb Code    92  fepilogue.o(.text)
    _double_round                            0x08000751   Thumb Code    30  depilogue.o(.text)
    _double_epilogue                         0x0800076f   Thumb Code   156  depilogue.o(.text)
    __aeabi_ddiv                             0x0800080b   Thumb Code   222  ddiv.o(.text)
    __aeabi_cdrcmple                         0x080008e9   Thumb Code    48  cdrcmple.o(.text)
    __scatterload                            0x08000919   Thumb Code    28  init.o(.text)
    __scatterload_rt2                        0x08000919   Thumb Code     0  init.o(.text)
    _dsqrt                                   0x0800093d   Thumb Code   162  dsqrt.o(.text)
    ADC_ConversionStop_Disable               0x080009e1   Thumb Code    76  stm32f1xx_hal_adc.o(i.ADC_ConversionStop_Disable)
    ADC_DMAConvCplt                          0x08000a2d   Thumb Code    78  stm32f1xx_hal_adc.o(i.ADC_DMAConvCplt)
    ADC_DMAError                             0x08000a7b   Thumb Code    26  stm32f1xx_hal_adc.o(i.ADC_DMAError)
    ADC_DMAHalfConvCplt                      0x08000a95   Thumb Code    10  stm32f1xx_hal_adc.o(i.ADC_DMAHalfConvCplt)
    ADC_Enable                               0x08000aa1   Thumb Code   104  stm32f1xx_hal_adc.o(i.ADC_Enable)
    AppendStatusValuetoData                  0x08000b11   Thumb Code    36  ad7193.o(i.AppendStatusValuetoData)
    BusFault_Handler                         0x08000b3d   Thumb Code     2  stm32f1xx_it.o(i.BusFault_Handler)
    Calibrate                                0x08000b41   Thumb Code    80  ad7193.o(i.Calibrate)
    DMA1_Channel1_IRQHandler                 0x08000ba5   Thumb Code     6  stm32f1xx_it.o(i.DMA1_Channel1_IRQHandler)
    DataToVoltage                            0x08000bdd   Thumb Code   106  ad7193.o(i.DataToVoltage)
    DebugMon_Handler                         0x08000c51   Thumb Code     2  stm32f1xx_it.o(i.DebugMon_Handler)
    EXTI0_IRQHandler                         0x08000c53   Thumb Code     6  main.o(i.EXTI0_IRQHandler)
    EXTI15_10_IRQHandler                     0x08000c59   Thumb Code     8  main.o(i.EXTI15_10_IRQHandler)
    EXTI1_IRQHandler                         0x08000c61   Thumb Code     6  main.o(i.EXTI1_IRQHandler)
    EXTI2_IRQHandler                         0x08000c67   Thumb Code     6  main.o(i.EXTI2_IRQHandler)
    EXTI9_5_IRQHandler                       0x08000c6d   Thumb Code     6  main.o(i.EXTI9_5_IRQHandler)
    Error_Handler                            0x08000c73   Thumb Code     2  main.o(i.Error_Handler)
    FATFS_LinkDriver                         0x08000c75   Thumb Code     6  ff_gen_drv.o(i.FATFS_LinkDriver)
    FATFS_LinkDriverEx                       0x08000c7d   Thumb Code    60  ff_gen_drv.o(i.FATFS_LinkDriverEx)
    GetRegisterValue                         0x08000cbd   Thumb Code    92  ad7193.o(i.GetRegisterValue)
    HAL_ADC_ConfigChannel                    0x08000d1d   Thumb Code   240  stm32f1xx_hal_adc.o(i.HAL_ADC_ConfigChannel)
    HAL_ADC_ConvCpltCallback                 0x08000e19   Thumb Code     2  stm32f1xx_hal_adc.o(i.HAL_ADC_ConvCpltCallback)
    HAL_ADC_ConvHalfCpltCallback             0x08000e1b   Thumb Code     2  stm32f1xx_hal_adc.o(i.HAL_ADC_ConvHalfCpltCallback)
    HAL_ADC_ErrorCallback                    0x08000e1d   Thumb Code     2  stm32f1xx_hal_adc.o(i.HAL_ADC_ErrorCallback)
    HAL_ADC_Init                             0x08000e21   Thumb Code   272  stm32f1xx_hal_adc.o(i.HAL_ADC_Init)
    HAL_ADC_MspInit                          0x08000f41   Thumb Code   122  adc.o(i.HAL_ADC_MspInit)
    HAL_ADC_Start_DMA                        0x08000fd1   Thumb Code   246  stm32f1xx_hal_adc.o(i.HAL_ADC_Start_DMA)
    HAL_DMA_IRQHandler                       0x080010dd   Thumb Code   552  stm32f1xx_hal_dma.o(i.HAL_DMA_IRQHandler)
    HAL_DMA_Init                             0x08001325   Thumb Code   112  stm32f1xx_hal_dma.o(i.HAL_DMA_Init)
    HAL_DMA_Start_IT                         0x080013a1   Thumb Code   112  stm32f1xx_hal_dma.o(i.HAL_DMA_Start_IT)
    HAL_Delay                                0x08001411   Thumb Code    32  stm32f1xx_hal.o(i.HAL_Delay)
    HAL_GPIO_EXTI_Callback                   0x08001435   Thumb Code   816  main.o(i.HAL_GPIO_EXTI_Callback)
    HAL_GPIO_EXTI_IRQHandler                 0x08001781   Thumb Code    18  stm32f1xx_hal_gpio.o(i.HAL_GPIO_EXTI_IRQHandler)
    HAL_GPIO_Init                            0x08001799   Thumb Code   462  stm32f1xx_hal_gpio.o(i.HAL_GPIO_Init)
    HAL_GPIO_ReadPin                         0x08001991   Thumb Code    10  stm32f1xx_hal_gpio.o(i.HAL_GPIO_ReadPin)
    HAL_GPIO_WritePin                        0x0800199b   Thumb Code    10  stm32f1xx_hal_gpio.o(i.HAL_GPIO_WritePin)
    HAL_GetTick                              0x080019a5   Thumb Code     6  stm32f1xx_hal.o(i.HAL_GetTick)
    HAL_IncTick                              0x080019b1   Thumb Code    12  stm32f1xx_hal.o(i.HAL_IncTick)
    HAL_Init                                 0x080019c1   Thumb Code    32  stm32f1xx_hal.o(i.HAL_Init)
    HAL_InitTick                             0x080019e5   Thumb Code    54  stm32f1xx_hal.o(i.HAL_InitTick)
    HAL_MspInit                              0x08001a25   Thumb Code    52  stm32f1xx_hal_msp.o(i.HAL_MspInit)
    HAL_NVIC_EnableIRQ                       0x08001a61   Thumb Code    26  stm32f1xx_hal_cortex.o(i.HAL_NVIC_EnableIRQ)
    HAL_NVIC_SetPriority                     0x08001a7d   Thumb Code    60  stm32f1xx_hal_cortex.o(i.HAL_NVIC_SetPriority)
    HAL_NVIC_SetPriorityGrouping             0x08001abd   Thumb Code    26  stm32f1xx_hal_cortex.o(i.HAL_NVIC_SetPriorityGrouping)
    HAL_RCCEx_PeriphCLKConfig                0x08001ae1   Thumb Code   224  stm32f1xx_hal_rcc_ex.o(i.HAL_RCCEx_PeriphCLKConfig)
    HAL_RCC_ClockConfig                      0x08001bcd   Thumb Code   280  stm32f1xx_hal_rcc.o(i.HAL_RCC_ClockConfig)
    HAL_RCC_GetSysClockFreq                  0x08001cf9   Thumb Code    74  stm32f1xx_hal_rcc.o(i.HAL_RCC_GetSysClockFreq)
    HAL_RCC_OscConfig                        0x08001d65   Thumb Code   778  stm32f1xx_hal_rcc.o(i.HAL_RCC_OscConfig)
    HAL_SPI_GetState                         0x08002085   Thumb Code     6  stm32f1xx_hal_spi.o(i.HAL_SPI_GetState)
    HAL_SPI_Init                             0x0800208b   Thumb Code   178  stm32f1xx_hal_spi.o(i.HAL_SPI_Init)
    HAL_SPI_MspInit                          0x0800213d   Thumb Code   210  spi.o(i.HAL_SPI_MspInit)
    HAL_SPI_Transmit                         0x08002229   Thumb Code   358  stm32f1xx_hal_spi.o(i.HAL_SPI_Transmit)
    HAL_SPI_TransmitReceive                  0x0800238f   Thumb Code   482  stm32f1xx_hal_spi.o(i.HAL_SPI_TransmitReceive)
    HAL_SYSTICK_Config                       0x08002571   Thumb Code    40  stm32f1xx_hal_cortex.o(i.HAL_SYSTICK_Config)
    HAL_TIMEx_BreakCallback                  0x08002599   Thumb Code     2  stm32f1xx_hal_tim_ex.o(i.HAL_TIMEx_BreakCallback)
    HAL_TIMEx_CommutCallback                 0x0800259b   Thumb Code     2  stm32f1xx_hal_tim_ex.o(i.HAL_TIMEx_CommutCallback)
    HAL_TIMEx_MasterConfigSynchronization    0x0800259d   Thumb Code   104  stm32f1xx_hal_tim_ex.o(i.HAL_TIMEx_MasterConfigSynchronization)
    HAL_TIM_Base_Init                        0x08002619   Thumb Code    90  stm32f1xx_hal_tim.o(i.HAL_TIM_Base_Init)
    HAL_TIM_Base_MspInit                     0x08002675   Thumb Code    86  tim.o(i.HAL_TIM_Base_MspInit)
    HAL_TIM_Base_Start_IT                    0x080026d9   Thumb Code    88  stm32f1xx_hal_tim.o(i.HAL_TIM_Base_Start_IT)
    HAL_TIM_Base_Stop_IT                     0x08002745   Thumb Code    48  stm32f1xx_hal_tim.o(i.HAL_TIM_Base_Stop_IT)
    HAL_TIM_IC_CaptureCallback               0x08002775   Thumb Code     2  stm32f1xx_hal_tim.o(i.HAL_TIM_IC_CaptureCallback)
    HAL_TIM_IRQHandler                       0x08002777   Thumb Code   358  stm32f1xx_hal_tim.o(i.HAL_TIM_IRQHandler)
    HAL_TIM_OC_DelayElapsedCallback          0x080028dd   Thumb Code     2  stm32f1xx_hal_tim.o(i.HAL_TIM_OC_DelayElapsedCallback)
    HAL_TIM_PWM_PulseFinishedCallback        0x080028df   Thumb Code     2  stm32f1xx_hal_tim.o(i.HAL_TIM_PWM_PulseFinishedCallback)
    HAL_TIM_PeriodElapsedCallback            0x080028e1   Thumb Code   322  main.o(i.HAL_TIM_PeriodElapsedCallback)
    HAL_TIM_TriggerCallback                  0x08002a41   Thumb Code     2  stm32f1xx_hal_tim.o(i.HAL_TIM_TriggerCallback)
    HardFault_Handler                        0x08002a43   Thumb Code     2  stm32f1xx_it.o(i.HardFault_Handler)
    Init_SD                                  0x08002a45   Thumb Code    24  sd_card.o(i.Init_SD)
    IntitiateSingleConversion                0x08002a69   Thumb Code    36  ad7193.o(i.IntitiateSingleConversion)
    MX_ADC1_Init                             0x08002a91   Thumb Code    70  adc.o(i.MX_ADC1_Init)
    MX_DMA_Init                              0x08002ae1   Thumb Code    40  dma.o(i.MX_DMA_Init)
    MX_FATFS_Init                            0x08002b0d   Thumb Code    18  fatfs.o(i.MX_FATFS_Init)
    MX_GPIO_Init                             0x08002b29   Thumb Code   308  gpio.o(i.MX_GPIO_Init)
    MX_SPI1_Init                             0x08002c79   Thumb Code    62  spi.o(i.MX_SPI1_Init)
    MX_SPI2_Init                             0x08002cc1   Thumb Code    60  spi.o(i.MX_SPI2_Init)
    MX_SPI3_Init                             0x08002d05   Thumb Code    60  spi.o(i.MX_SPI3_Init)
    MX_TIM6_Init                             0x08002d49   Thumb Code    60  tim.o(i.MX_TIM6_Init)
    MX_TIM7_Init                             0x08002d8d   Thumb Code    62  tim.o(i.MX_TIM7_Init)
    MemManage_Handler                        0x08002dd9   Thumb Code     2  stm32f1xx_it.o(i.MemManage_Handler)
    NMI_Handler                              0x08002ddb   Thumb Code     2  stm32f1xx_it.o(i.NMI_Handler)
    OLED_Activate                            0x08002ddd   Thumb Code    32  oled.o(i.OLED_Activate)
    OLED_Clear_screen                        0x08002e09   Thumb Code     6  oled.o(i.OLED_Clear_screen)
    OLED_Deactivate                          0x08002e11   Thumb Code    32  oled.o(i.OLED_Deactivate)
    OLED_Display_Int                         0x08002e3d   Thumb Code    62  oled.o(i.OLED_Display_Int)
    OLED_Display_float                       0x08002e7d   Thumb Code   176  oled.o(i.OLED_Display_float)
    OLED_Display_measurement                 0x08002f39   Thumb Code   374  oled.o(i.OLED_Display_measurement)
    OLED_Error                               0x080030f1   Thumb Code    32  oled.o(i.OLED_Error)
    OLED_Full_screen                         0x08003119   Thumb Code     6  oled.o(i.OLED_Full_screen)
    OLED_Init                                0x0800311f   Thumb Code     4  oled.o(i.OLED_Init)
    OLED_ON_OFF_Channel                      0x08003125   Thumb Code   290  oled.o(i.OLED_ON_OFF_Channel)
    OLED_Power_on                            0x080032c1   Thumb Code   122  oled.o(i.OLED_Power_on)
    OLED_Sampling_frequency1                 0x08003379   Thumb Code   266  oled.o(i.OLED_Sampling_frequency1)
    OLED_Sampling_frequency2                 0x080034cd   Thumb Code   266  oled.o(i.OLED_Sampling_frequency2)
    OLED_Select_Filter                       0x08003625   Thumb Code   112  oled.o(i.OLED_Select_Filter)
    OLED_Start                               0x080036e1   Thumb Code   118  oled.o(i.OLED_Start)
    OLED_Succesfull                          0x080037a1   Thumb Code    32  oled.o(i.OLED_Succesfull)
    OLED_Top                                 0x080037cd   Thumb Code   140  oled.o(i.OLED_Top)
    OLED_intToStr                            0x08003899   Thumb Code    80  oled.o(i.OLED_intToStr)
    PendSV_Handler                           0x080038e9   Thumb Code     2  stm32f1xx_it.o(i.PendSV_Handler)
    ReadADCChannel                           0x080038eb   Thumb Code    36  ad7193.o(i.ReadADCChannel)
    ReadADCData                              0x08003911   Thumb Code    82  ad7193.o(i.ReadADCData)
    ReadRegisterMap                          0x0800396d   Thumb Code    84  ad7193.o(i.ReadRegisterMap)
    SD_disk_initialize                       0x08003b81   Thumb Code   304  sd_fatfs.o(i.SD_disk_initialize)
    SD_disk_ioctl                            0x08003cb9   Thumb Code   318  sd_fatfs.o(i.SD_disk_ioctl)
    SD_disk_read                             0x08003dfd   Thumb Code   146  sd_fatfs.o(i.SD_disk_read)
    SD_disk_status                           0x08003e95   Thumb Code    12  sd_fatfs.o(i.SD_disk_status)
    SD_disk_write                            0x08003ea5   Thumb Code   178  sd_fatfs.o(i.SD_disk_write)
    SD_intToStr                              0x08003f5d   Thumb Code    80  sd_card.o(i.SD_intToStr)
    SVC_Handler                              0x080040e9   Thumb Code     2  stm32f1xx_it.o(i.SVC_Handler)
    SetAveraging                             0x080040ed   Thumb Code    26  ad7193.o(i.SetAveraging)
    SetChannel                               0x08004111   Thumb Code    42  ad7193.o(i.SetChannel)
    SetFilterSinc3                           0x08004145   Thumb Code    28  ad7193.o(i.SetFilterSinc3)
    SetPGAGain                               0x08004169   Thumb Code    72  ad7193.o(i.SetPGAGain)
    SetPsuedoDifferentialInputs              0x080041b9   Thumb Code    28  ad7193.o(i.SetPsuedoDifferentialInputs)
    SetRegisterValue                         0x080041dd   Thumb Code    82  ad7193.o(i.SetRegisterValue)
    SysTick_Handler                          0x08004235   Thumb Code     4  stm32f1xx_it.o(i.SysTick_Handler)
    SystemClock_Config                       0x08004239   Thumb Code    96  main.o(i.SystemClock_Config)
    SystemInit                               0x08004299   Thumb Code     2  system_stm32f1xx.o(i.SystemInit)
    TIM6_IRQHandler                          0x0800429d   Thumb Code     6  stm32f1xx_it.o(i.TIM6_IRQHandler)
    TIM7_IRQHandler                          0x080042a9   Thumb Code     6  stm32f1xx_it.o(i.TIM7_IRQHandler)
    TIM_Base_SetConfig                       0x080042b5   Thumb Code   120  stm32f1xx_hal_tim.o(i.TIM_Base_SetConfig)
    USER_initialize                          0x08004341   Thumb Code     4  user_diskio.o(i.USER_initialize)
    USER_ioctl                               0x08004345   Thumb Code     4  user_diskio.o(i.USER_ioctl)
    USER_read                                0x08004349   Thumb Code     4  user_diskio.o(i.USER_read)
    USER_status                              0x0800434d   Thumb Code     4  user_diskio.o(i.USER_status)
    USER_write                               0x08004351   Thumb Code     4  user_diskio.o(i.USER_write)
    UsageFault_Handler                       0x08004355   Thumb Code     2  stm32f1xx_it.o(i.UsageFault_Handler)
    WaitForADC                               0x08004359   Thumb Code    48  ad7193.o(i.WaitForADC)
    __ARM_fpclassify                         0x0800438d   Thumb Code    40  fpclassify.o(i.__ARM_fpclassify)
    __kernel_poly                            0x080043d5   Thumb Code   170  poly.o(i.__kernel_poly)
    __mathlib_dbl_divzero                    0x08004481   Thumb Code    12  dunder.o(i.__mathlib_dbl_divzero)
    __mathlib_dbl_infnan2                    0x08004491   Thumb Code     4  dunder.o(i.__mathlib_dbl_infnan2)
    __mathlib_dbl_invalid                    0x08004495   Thumb Code    12  dunder.o(i.__mathlib_dbl_invalid)
    __mathlib_dbl_overflow                   0x080044a1   Thumb Code    14  dunder.o(i.__mathlib_dbl_overflow)
    __mathlib_dbl_underflow                  0x080044b1   Thumb Code    10  dunder.o(i.__mathlib_dbl_underflow)
    __scatterload_copy                       0x080044c1   Thumb Code    14  handlers.o(i.__scatterload_copy)
    __scatterload_null                       0x080044cf   Thumb Code     2  handlers.o(i.__scatterload_null)
    __scatterload_zeroinit                   0x080044d1   Thumb Code    14  handlers.o(i.__scatterload_zeroinit)
    __set_errno                              0x080044e1   Thumb Code     6  errno.o(i.__set_errno)
    close_SD                                 0x0800462f   Thumb Code    72  sd_card.o(i.close_SD)
    close_file_SD                            0x08004679   Thumb Code    68  sd_card.o(i.close_file_SD)
    clust2sect                               0x080046e1   Thumb Code    28  ff.o(i.clust2sect)
    disk_initialize                          0x08004e99   Thumb Code    36  diskio.o(i.disk_initialize)
    disk_ioctl                               0x08004ec1   Thumb Code    24  diskio.o(i.disk_ioctl)
    disk_read                                0x08004edd   Thumb Code    24  diskio.o(i.disk_read)
    disk_status                              0x08004ef9   Thumb Code    18  diskio.o(i.disk_status)
    disk_write                               0x08004f11   Thumb Code    24  diskio.o(i.disk_write)
    f_close                                  0x08004f2d   Thumb Code    42  ff.o(i.f_close)
    f_mount                                  0x08004f59   Thumb Code    94  ff.o(i.f_mount)
    f_open                                   0x08004fbd   Thumb Code   506  ff.o(i.f_open)
    f_sync                                   0x080051bd   Thumb Code   162  ff.o(i.f_sync)
    f_write                                  0x0800525f   Thumb Code   454  ff.o(i.f_write)
    ff_convert                               0x08005425   Thumb Code    52  ccsbcs.o(i.ff_convert)
    ff_wtoupper                              0x0800545d   Thumb Code    28  ccsbcs.o(i.ff_wtoupper)
    free                                     0x080057c9   Thumb Code    76  malloc.o(i.free)
    get_fat                                  0x08005899   Thumb Code   240  ff.o(i.get_fat)
    get_fattime                              0x08005989   Thumb Code     4  fatfs.o(i.get_fattime)
    main                                     0x08005a79   Thumb Code   516  main.o(i.main)
    malloc                                   0x08005c95   Thumb Code    92  malloc.o(i.malloc)
    open_SD                                  0x08005d59   Thumb Code    72  sd_card.o(i.open_SD)
    open_file_SD                             0x08005da1   Thumb Code   100  sd_card.o(i.open_file_SD)
    pow                                      0x08005e89   Thumb Code  2512  pow.o(i.pow)
    put_fat                                  0x08006861   Thumb Code   284  ff.o(i.put_fat)
    sqrt                                     0x080069e3   Thumb Code    76  sqrt.o(i.sqrt)
    ssd1306_clear_screen                     0x08006a31   Thumb Code    70  ssd1306.o(i.ssd1306_clear_screen)
    ssd1306_display_char                     0x08006a7d   Thumb Code   138  ssd1306.o(i.ssd1306_display_char)
    ssd1306_display_string                   0x08006b11   Thumb Code    88  ssd1306.o(i.ssd1306_display_string)
    ssd1306_draw_bitmap                      0x08006b69   Thumb Code    94  ssd1306.o(i.ssd1306_draw_bitmap)
    ssd1306_draw_point                       0x08006bc9   Thumb Code    54  ssd1306.o(i.ssd1306_draw_point)
    ssd1306_init                             0x08006c05   Thumb Code   268  ssd1306.o(i.ssd1306_init)
    ssd1306_refresh_gram                     0x08006d15   Thumb Code    70  ssd1306.o(i.ssd1306_refresh_gram)
    write_SD                                 0x08006eff   Thumb Code   126  sd_card.o(i.write_SD)
    write_info                               0x08006f7d   Thumb Code   458  sd_card.o(i.write_info)
    write_to_file_SD                         0x08007199   Thumb Code   732  sd_card.o(i.write_to_file_SD)
    c_chFont1206                             0x080074bc   Data        1140  fonts.o(.constdata)
    c_chFont1608                             0x08007930   Data        1520  fonts.o(.constdata)
    c_chBatFull816                           0x08007f20   Data          16  fonts.o(.constdata)
    c_chBatAlmostFull816                     0x08007f30   Data          16  fonts.o(.constdata)
    c_chBatHalf816                           0x08007f40   Data          16  fonts.o(.constdata)
    c_chBatQuarter816                        0x08007f50   Data          16  fonts.o(.constdata)
    c_chBatOver816                           0x08007f60   Data          16  fonts.o(.constdata)
    AHBPrescTable                            0x08007f70   Data          16  system_stm32f1xx.o(.constdata)
    __mathlib_zero                           0x08008588   Data           8  qnan.o(.constdata)
    Region$$Table$$Base                      0x08008590   Number         0  anon$$obj.o(Region$$Table)
    Region$$Table$$Limit                     0x080085b0   Number         0  anon$$obj.o(Region$$Table)
    res                                      0x20000000   Data           1  sd_card.o(.data)
    zapisanych_bajtow                        0x20000004   Data           4  sd_card.o(.data)
    pfs                                      0x20000008   Data           4  sd_card.o(.data)
    fre_clust                                0x2000000c   Data           4  sd_card.o(.data)
    registerMap                              0x20000014   Data          16  ad7193.o(.data)
    registerSize                             0x20000024   Data          32  ad7193.o(.data)
    stateB1                                  0x20000044   Data           4  main.o(.data)
    stateB2                                  0x20000048   Data           4  main.o(.data)
    stateB3                                  0x2000004c   Data           4  main.o(.data)
    stateB4                                  0x20000050   Data           4  main.o(.data)
    button                                   0x20000054   Data           4  main.o(.data)
    next                                     0x20000058   Data           4  main.o(.data)
    time                                     0x2000005c   Data           4  main.o(.data)
    Channel8                                 0x20000060   Data           4  main.o(.data)
    divider8                                 0x20000064   Data           4  main.o(.data)
    Pomiar8                                  0x20000068   Data           4  main.o(.data)
    RECORD_BOOL                              0x2000006c   Data           4  main.o(.data)
    SD_Error                                 0x20000070   Data           4  main.o(.data)
    Filter                                   0x20000074   Data           4  main.o(.data)
    Channel1                                 0x20000078   Data           4  main.o(.data)
    Channel2                                 0x2000007c   Data           4  main.o(.data)
    Channel3                                 0x20000080   Data           4  main.o(.data)
    Channel4                                 0x20000084   Data           4  main.o(.data)
    Channel5                                 0x20000088   Data           4  main.o(.data)
    Channel6                                 0x2000008c   Data           4  main.o(.data)
    Channel7                                 0x20000090   Data           4  main.o(.data)
    divider1                                 0x20000094   Data           4  main.o(.data)
    divider2                                 0x20000098   Data           4  main.o(.data)
    divider3                                 0x2000009c   Data           4  main.o(.data)
    divider4                                 0x200000a0   Data           4  main.o(.data)
    divider5                                 0x200000a4   Data           4  main.o(.data)
    divider6                                 0x200000a8   Data           4  main.o(.data)
    divider7                                 0x200000ac   Data           4  main.o(.data)
    Pomiar1                                  0x200000b0   Data           4  main.o(.data)
    Pomiar2                                  0x200000b4   Data           4  main.o(.data)
    Pomiar3                                  0x200000b8   Data           4  main.o(.data)
    Pomiar4                                  0x200000bc   Data           4  main.o(.data)
    Pomiar5                                  0x200000c0   Data           4  main.o(.data)
    Pomiar6                                  0x200000c4   Data           4  main.o(.data)
    Pomiar7                                  0x200000c8   Data           4  main.o(.data)
    PomiarADC                                0x200000cc   Data           4  main.o(.data)
    Vsense                                   0x200000d0   Data           4  main.o(.data)
    ProcentBattery                           0x200000d4   Data           4  main.o(.data)
    PERIOD_Tim                               0x200000d8   Data           4  tim.o(.data)
    Timer1                                   0x200000dc   Data           1  stm32f1xx_it.o(.data)
    Timer2                                   0x200000dd   Data           1  stm32f1xx_it.o(.data)
    USER_Driver                              0x200000e0   Data          20  user_diskio.o(.data)
    retUSER                                  0x200000f4   Data           1  fatfs.o(.data)
    USERPath                                 0x200000f5   Data           4  fatfs.o(.data)
    uwTickFreq                               0x200000fc   Data           1  stm32f1xx_hal.o(.data)
    uwTickPrio                               0x20000100   Data           4  stm32f1xx_hal.o(.data)
    uwTick                                   0x20000104   Data           4  stm32f1xx_hal.o(.data)
    SystemCoreClock                          0x20000108   Data           4  system_stm32f1xx.o(.data)
    __microlib_freelist                      0x20000114   Data           4  mvars.o(.data)
    __microlib_freelist_initialised          0x20000118   Data           4  mvars.o(.data)
    SDFatFs                                  0x20000120   Data        4144  sd_card.o(.bss)
    FileSDCard1                              0x20001150   Data        4140  sd_card.o(.bss)
    FileSDCard2                              0x2000217c   Data        4140  sd_card.o(.bss)
    FileSDCard3                              0x200031a8   Data        4140  sd_card.o(.bss)
    FileSDCard4                              0x200041d4   Data        4140  sd_card.o(.bss)
    FileSDCard5                              0x20005200   Data        4140  sd_card.o(.bss)
    FileSDCard6                              0x2000622c   Data        4140  sd_card.o(.bss)
    FileSDCard7                              0x20007258   Data        4140  sd_card.o(.bss)
    FileSDCard8                              0x20008284   Data        4140  sd_card.o(.bss)
    hadc1                                    0x200096b0   Data          48  adc.o(.bss)
    hdma_adc1                                0x200096e0   Data          68  adc.o(.bss)
    hspi1                                    0x20009724   Data          88  spi.o(.bss)
    hspi2                                    0x2000977c   Data          88  spi.o(.bss)
    hspi3                                    0x200097d4   Data          88  spi.o(.bss)
    htim6                                    0x2000982c   Data          72  tim.o(.bss)
    htim7                                    0x20009874   Data          72  tim.o(.bss)
    disk                                     0x20009b1c   Data          12  ff_gen_drv.o(.bss)
    __heap_base                              0x20009b28   Data           0  startup_stm32f103xe.o(HEAP)
    __heap_limit                             0x20009d28   Data           0  startup_stm32f103xe.o(HEAP)
    __initial_sp                             0x2000a128   Data           0  startup_stm32f103xe.o(STACK)



==============================================================================

Memory Map of the image

  Image Entry point : 0x08000131

  Load Region LR_IROM1 (Base: 0x08000000, Size: 0x000086d0, Max: 0x00080000, ABSOLUTE)

    Execution Region ER_IROM1 (Exec base: 0x08000000, Load base: 0x08000000, Size: 0x000085b0, Max: 0x00080000, ABSOLUTE)

    Exec Addr    Load Addr    Size         Type   Attr      Idx    E Section Name        Object

    0x08000000   0x08000000   0x00000130   Data   RO            3    RESET               startup_stm32f103xe.o
    0x08000130   0x08000130   0x00000000   Code   RO         4408  * .ARM.Collect$$$$00000000  mc_w.l(entry.o)
    0x08000130   0x08000130   0x00000004   Code   RO         4500    .ARM.Collect$$$$00000001  mc_w.l(entry2.o)
    0x08000134   0x08000134   0x00000004   Code   RO         4503    .ARM.Collect$$$$00000004  mc_w.l(entry5.o)
    0x08000138   0x08000138   0x00000000   Code   RO         4505    .ARM.Collect$$$$00000008  mc_w.l(entry7b.o)
    0x08000138   0x08000138   0x00000000   Code   RO         4507    .ARM.Collect$$$$0000000A  mc_w.l(entry8b.o)
    0x08000138   0x08000138   0x00000008   Code   RO         4508    .ARM.Collect$$$$0000000B  mc_w.l(entry9a.o)
    0x08000140   0x08000140   0x00000004   Code   RO         4515    .ARM.Collect$$$$0000000E  mc_w.l(entry12b.o)
    0x08000144   0x08000144   0x00000000   Code   RO         4510    .ARM.Collect$$$$0000000F  mc_w.l(entry10a.o)
    0x08000144   0x08000144   0x00000000   Code   RO         4512    .ARM.Collect$$$$00000011  mc_w.l(entry11a.o)
    0x08000144   0x08000144   0x00000004   Code   RO         4501    .ARM.Collect$$$$00002712  mc_w.l(entry2.o)
    0x08000148   0x08000148   0x00000024   Code   RO            4    .text               startup_stm32f103xe.o
    0x0800016c   0x0800016c   0x00000020   Code   RO         4411    .text               mc_w.l(llushr.o)
    0x0800018c   0x0800018c   0x00000024   Code   RO         4413    .text               mc_w.l(memseta.o)
    0x080001b0   0x080001b0   0x000000b0   Code   RO         4443    .text               mf_w.l(fadd.o)
    0x08000260   0x08000260   0x00000064   Code   RO         4445    .text               mf_w.l(fmul.o)
    0x080002c4   0x080002c4   0x0000007c   Code   RO         4447    .text               mf_w.l(fdiv.o)
    0x08000340   0x08000340   0x00000018   Code   RO         4449    .text               mf_w.l(fscalb.o)
    0x08000358   0x08000358   0x0000014e   Code   RO         4451    .text               mf_w.l(dadd.o)
    0x080004a6   0x080004a6   0x000000e4   Code   RO         4453    .text               mf_w.l(dmul.o)
    0x0800058a   0x0800058a   0x0000002e   Code   RO         4455    .text               mf_w.l(dscalb.o)
    0x080005b8   0x080005b8   0x00000012   Code   RO         4457    .text               mf_w.l(fflti.o)
    0x080005ca   0x080005ca   0x0000000a   Code   RO         4459    .text               mf_w.l(ffltui.o)
    0x080005d4   0x080005d4   0x00000022   Code   RO         4461    .text               mf_w.l(dflti.o)
    0x080005f6   0x080005f6   0x0000001a   Code   RO         4463    .text               mf_w.l(dfltui.o)
    0x08000610   0x08000610   0x00000032   Code   RO         4465    .text               mf_w.l(ffixi.o)
    0x08000642   0x08000642   0x00000026   Code   RO         4469    .text               mf_w.l(f2d.o)
    0x08000668   0x08000668   0x00000038   Code   RO         4471    .text               mf_w.l(d2f.o)
    0x080006a0   0x080006a0   0x0000001e   Code   RO         4516    .text               mc_w.l(llshl.o)
    0x080006be   0x080006be   0x00000024   Code   RO         4518    .text               mc_w.l(llsshr.o)
    0x080006e2   0x080006e2   0x00000000   Code   RO         4533    .text               mc_w.l(iusefp.o)
    0x080006e2   0x080006e2   0x0000006e   Code   RO         4534    .text               mf_w.l(fepilogue.o)
    0x08000750   0x08000750   0x000000ba   Code   RO         4536    .text               mf_w.l(depilogue.o)
    0x0800080a   0x0800080a   0x000000de   Code   RO         4538    .text               mf_w.l(ddiv.o)
    0x080008e8   0x080008e8   0x00000030   Code   RO         4540    .text               mf_w.l(cdrcmple.o)
    0x08000918   0x08000918   0x00000024   Code   RO         4542    .text               mc_w.l(init.o)
    0x0800093c   0x0800093c   0x000000a2   Code   RO         4544    .text               mf_w.l(dsqrt.o)
    0x080009de   0x080009de   0x00000002   PAD
    0x080009e0   0x080009e0   0x0000004c   Code   RO         1313    i.ADC_ConversionStop_Disable  stm32f1xx_hal_adc.o
    0x08000a2c   0x08000a2c   0x0000004e   Code   RO         1314    i.ADC_DMAConvCplt   stm32f1xx_hal_adc.o
    0x08000a7a   0x08000a7a   0x0000001a   Code   RO         1315    i.ADC_DMAError      stm32f1xx_hal_adc.o
    0x08000a94   0x08000a94   0x0000000a   Code   RO         1316    i.ADC_DMAHalfConvCplt  stm32f1xx_hal_adc.o
    0x08000a9e   0x08000a9e   0x00000002   PAD
    0x08000aa0   0x08000aa0   0x00000070   Code   RO         1317    i.ADC_Enable        stm32f1xx_hal_adc.o
    0x08000b10   0x08000b10   0x0000002c   Code   RO          630    i.AppendStatusValuetoData  ad7193.o
    0x08000b3c   0x08000b3c   0x00000002   Code   RO         1050    i.BusFault_Handler  stm32f1xx_it.o
    0x08000b3e   0x08000b3e   0x00000002   PAD
    0x08000b40   0x08000b40   0x00000054   Code   RO          631    i.Calibrate         ad7193.o
    0x08000b94   0x08000b94   0x00000010   Code   RO          224    i.DESELECT          sd_fatfs.o
    0x08000ba4   0x08000ba4   0x0000000c   Code   RO         1051    i.DMA1_Channel1_IRQHandler  stm32f1xx_it.o
    0x08000bb0   0x08000bb0   0x0000002a   Code   RO         1967    i.DMA_SetConfig     stm32f1xx_hal_dma.o
    0x08000bda   0x08000bda   0x00000002   PAD
    0x08000bdc   0x08000bdc   0x00000074   Code   RO          632    i.DataToVoltage     ad7193.o
    0x08000c50   0x08000c50   0x00000002   Code   RO         1052    i.DebugMon_Handler  stm32f1xx_it.o
    0x08000c52   0x08000c52   0x00000006   Code   RO          751    i.EXTI0_IRQHandler  main.o
    0x08000c58   0x08000c58   0x00000008   Code   RO          752    i.EXTI15_10_IRQHandler  main.o
    0x08000c60   0x08000c60   0x00000006   Code   RO          753    i.EXTI1_IRQHandler  main.o
    0x08000c66   0x08000c66   0x00000006   Code   RO          754    i.EXTI2_IRQHandler  main.o
    0x08000c6c   0x08000c6c   0x00000006   Code   RO          755    i.EXTI9_5_IRQHandler  main.o
    0x08000c72   0x08000c72   0x00000002   Code   RO          756    i.Error_Handler     main.o
    0x08000c74   0x08000c74   0x00000006   Code   RO         4289    i.FATFS_LinkDriver  ff_gen_drv.o
    0x08000c7a   0x08000c7a   0x00000002   PAD
    0x08000c7c   0x08000c7c   0x00000040   Code   RO         4290    i.FATFS_LinkDriverEx  ff_gen_drv.o
    0x08000cbc   0x08000cbc   0x00000060   Code   RO          633    i.GetRegisterValue  ad7193.o
    0x08000d1c   0x08000d1c   0x000000fc   Code   RO         1319    i.HAL_ADC_ConfigChannel  stm32f1xx_hal_adc.o
    0x08000e18   0x08000e18   0x00000002   Code   RO         1320    i.HAL_ADC_ConvCpltCallback  stm32f1xx_hal_adc.o
    0x08000e1a   0x08000e1a   0x00000002   Code   RO         1321    i.HAL_ADC_ConvHalfCpltCallback  stm32f1xx_hal_adc.o
    0x08000e1c   0x08000e1c   0x00000002   Code   RO         1323    i.HAL_ADC_ErrorCallback  stm32f1xx_hal_adc.o
    0x08000e1e   0x08000e1e   0x00000002   PAD
    0x08000e20   0x08000e20   0x00000120   Code   RO         1328    i.HAL_ADC_Init      stm32f1xx_hal_adc.o
    0x08000f40   0x08000f40   0x00000090   Code   RO          882    i.HAL_ADC_MspInit   adc.o
    0x08000fd0   0x08000fd0   0x0000010c   Code   RO         1335    i.HAL_ADC_Start_DMA  stm32f1xx_hal_adc.o
    0x080010dc   0x080010dc   0x00000248   Code   RO         1973    i.HAL_DMA_IRQHandler  stm32f1xx_hal_dma.o
    0x08001324   0x08001324   0x0000007c   Code   RO         1974    i.HAL_DMA_Init      stm32f1xx_hal_dma.o
    0x080013a0   0x080013a0   0x00000070   Code   RO         1978    i.HAL_DMA_Start_IT  stm32f1xx_hal_dma.o
    0x08001410   0x08001410   0x00000024   Code   RO         1596    i.HAL_Delay         stm32f1xx_hal.o
    0x08001434   0x08001434   0x0000034c   Code   RO          757    i.HAL_GPIO_EXTI_Callback  main.o
    0x08001780   0x08001780   0x00000018   Code   RO         1903    i.HAL_GPIO_EXTI_IRQHandler  stm32f1xx_hal_gpio.o
    0x08001798   0x08001798   0x000001f8   Code   RO         1904    i.HAL_GPIO_Init     stm32f1xx_hal_gpio.o
    0x08001990   0x08001990   0x0000000a   Code   RO         1906    i.HAL_GPIO_ReadPin  stm32f1xx_hal_gpio.o
    0x0800199a   0x0800199a   0x0000000a   Code   RO         1908    i.HAL_GPIO_WritePin  stm32f1xx_hal_gpio.o
    0x080019a4   0x080019a4   0x0000000c   Code   RO         1600    i.HAL_GetTick       stm32f1xx_hal.o
    0x080019b0   0x080019b0   0x00000010   Code   RO         1606    i.HAL_IncTick       stm32f1xx_hal.o
    0x080019c0   0x080019c0   0x00000024   Code   RO         1607    i.HAL_Init          stm32f1xx_hal.o
    0x080019e4   0x080019e4   0x00000040   Code   RO         1608    i.HAL_InitTick      stm32f1xx_hal.o
    0x08001a24   0x08001a24   0x0000003c   Code   RO         1154    i.HAL_MspInit       stm32f1xx_hal_msp.o
    0x08001a60   0x08001a60   0x0000001a   Code   RO         2064    i.HAL_NVIC_EnableIRQ  stm32f1xx_hal_cortex.o
    0x08001a7a   0x08001a7a   0x00000002   PAD
    0x08001a7c   0x08001a7c   0x00000040   Code   RO         2070    i.HAL_NVIC_SetPriority  stm32f1xx_hal_cortex.o
    0x08001abc   0x08001abc   0x00000024   Code   RO         2071    i.HAL_NVIC_SetPriorityGrouping  stm32f1xx_hal_cortex.o
    0x08001ae0   0x08001ae0   0x000000ec   Code   RO         1867    i.HAL_RCCEx_PeriphCLKConfig  stm32f1xx_hal_rcc_ex.o
    0x08001bcc   0x08001bcc   0x0000012c   Code   RO         1764    i.HAL_RCC_ClockConfig  stm32f1xx_hal_rcc.o
    0x08001cf8   0x08001cf8   0x0000006c   Code   RO         1773    i.HAL_RCC_GetSysClockFreq  stm32f1xx_hal_rcc.o
    0x08001d64   0x08001d64   0x00000320   Code   RO         1776    i.HAL_RCC_OscConfig  stm32f1xx_hal_rcc.o
    0x08002084   0x08002084   0x00000006   Code   RO         2573    i.HAL_SPI_GetState  stm32f1xx_hal_spi.o
    0x0800208a   0x0800208a   0x000000b2   Code   RO         2575    i.HAL_SPI_Init      stm32f1xx_hal_spi.o
    0x0800213c   0x0800213c   0x000000ec   Code   RO          948    i.HAL_SPI_MspInit   spi.o
    0x08002228   0x08002228   0x00000166   Code   RO         2583    i.HAL_SPI_Transmit  stm32f1xx_hal_spi.o
    0x0800238e   0x0800238e   0x000001e2   Code   RO         2584    i.HAL_SPI_TransmitReceive  stm32f1xx_hal_spi.o
    0x08002570   0x08002570   0x00000028   Code   RO         2075    i.HAL_SYSTICK_Config  stm32f1xx_hal_cortex.o
    0x08002598   0x08002598   0x00000002   Code   RO         3592    i.HAL_TIMEx_BreakCallback  stm32f1xx_hal_tim_ex.o
    0x0800259a   0x0800259a   0x00000002   Code   RO         3593    i.HAL_TIMEx_CommutCallback  stm32f1xx_hal_tim_ex.o
    0x0800259c   0x0800259c   0x0000007c   Code   RO         3611    i.HAL_TIMEx_MasterConfigSynchronization  stm32f1xx_hal_tim_ex.o
    0x08002618   0x08002618   0x0000005a   Code   RO         2888    i.HAL_TIM_Base_Init  stm32f1xx_hal_tim.o
    0x08002672   0x08002672   0x00000002   PAD
    0x08002674   0x08002674   0x00000064   Code   RO         1002    i.HAL_TIM_Base_MspInit  tim.o
    0x080026d8   0x080026d8   0x0000006c   Code   RO         2893    i.HAL_TIM_Base_Start_IT  stm32f1xx_hal_tim.o
    0x08002744   0x08002744   0x00000030   Code   RO         2896    i.HAL_TIM_Base_Stop_IT  stm32f1xx_hal_tim.o
    0x08002774   0x08002774   0x00000002   Code   RO         2922    i.HAL_TIM_IC_CaptureCallback  stm32f1xx_hal_tim.o
    0x08002776   0x08002776   0x00000166   Code   RO         2936    i.HAL_TIM_IRQHandler  stm32f1xx_hal_tim.o
    0x080028dc   0x080028dc   0x00000002   Code   RO         2939    i.HAL_TIM_OC_DelayElapsedCallback  stm32f1xx_hal_tim.o
    0x080028de   0x080028de   0x00000002   Code   RO         2966    i.HAL_TIM_PWM_PulseFinishedCallback  stm32f1xx_hal_tim.o
    0x080028e0   0x080028e0   0x00000160   Code   RO          758    i.HAL_TIM_PeriodElapsedCallback  main.o
    0x08002a40   0x08002a40   0x00000002   Code   RO         2979    i.HAL_TIM_TriggerCallback  stm32f1xx_hal_tim.o
    0x08002a42   0x08002a42   0x00000002   Code   RO         1053    i.HardFault_Handler  stm32f1xx_it.o
    0x08002a44   0x08002a44   0x00000024   Code   RO           13    i.Init_SD           sd_card.o
    0x08002a68   0x08002a68   0x00000028   Code   RO          634    i.IntitiateSingleConversion  ad7193.o
    0x08002a90   0x08002a90   0x00000050   Code   RO          883    i.MX_ADC1_Init      adc.o
    0x08002ae0   0x08002ae0   0x0000002c   Code   RO          923    i.MX_DMA_Init       dma.o
    0x08002b0c   0x08002b0c   0x0000001c   Code   RO         1239    i.MX_FATFS_Init     fatfs.o
    0x08002b28   0x08002b28   0x00000150   Code   RO          857    i.MX_GPIO_Init      gpio.o
    0x08002c78   0x08002c78   0x00000048   Code   RO          949    i.MX_SPI1_Init      spi.o
    0x08002cc0   0x08002cc0   0x00000044   Code   RO          950    i.MX_SPI2_Init      spi.o
    0x08002d04   0x08002d04   0x00000044   Code   RO          951    i.MX_SPI3_Init      spi.o
    0x08002d48   0x08002d48   0x00000044   Code   RO         1003    i.MX_TIM6_Init      tim.o
    0x08002d8c   0x08002d8c   0x0000004c   Code   RO         1004    i.MX_TIM7_Init      tim.o
    0x08002dd8   0x08002dd8   0x00000002   Code   RO         1054    i.MemManage_Handler  stm32f1xx_it.o
    0x08002dda   0x08002dda   0x00000002   Code   RO         1055    i.NMI_Handler       stm32f1xx_it.o
    0x08002ddc   0x08002ddc   0x0000002c   Code   RO          378    i.OLED_Activate     oled.o
    0x08002e08   0x08002e08   0x00000006   Code   RO          379    i.OLED_Clear_screen  oled.o
    0x08002e0e   0x08002e0e   0x00000002   PAD
    0x08002e10   0x08002e10   0x0000002c   Code   RO          380    i.OLED_Deactivate   oled.o
    0x08002e3c   0x08002e3c   0x0000003e   Code   RO          381    i.OLED_Display_Int  oled.o
    0x08002e7a   0x08002e7a   0x00000002   PAD
    0x08002e7c   0x08002e7c   0x000000bc   Code   RO          382    i.OLED_Display_float  oled.o
    0x08002f38   0x08002f38   0x000001b8   Code   RO          383    i.OLED_Display_measurement  oled.o
    0x080030f0   0x080030f0   0x00000028   Code   RO          384    i.OLED_Error        oled.o
    0x08003118   0x08003118   0x00000006   Code   RO          385    i.OLED_Full_screen  oled.o
    0x0800311e   0x0800311e   0x00000004   Code   RO          386    i.OLED_Init         oled.o
    0x08003122   0x08003122   0x00000002   PAD
    0x08003124   0x08003124   0x0000019c   Code   RO          387    i.OLED_ON_OFF_Channel  oled.o
    0x080032c0   0x080032c0   0x000000b8   Code   RO          388    i.OLED_Power_on     oled.o
    0x08003378   0x08003378   0x00000154   Code   RO          389    i.OLED_Sampling_frequency1  oled.o
    0x080034cc   0x080034cc   0x00000158   Code   RO          390    i.OLED_Sampling_frequency2  oled.o
    0x08003624   0x08003624   0x000000bc   Code   RO          392    i.OLED_Select_Filter  oled.o
    0x080036e0   0x080036e0   0x000000c0   Code   RO          393    i.OLED_Start        oled.o
    0x080037a0   0x080037a0   0x0000002c   Code   RO          394    i.OLED_Succesfull   oled.o
    0x080037cc   0x080037cc   0x000000cc   Code   RO          395    i.OLED_Top          oled.o
    0x08003898   0x08003898   0x00000050   Code   RO          396    i.OLED_intToStr     oled.o
    0x080038e8   0x080038e8   0x00000002   Code   RO         1056    i.PendSV_Handler    stm32f1xx_it.o
    0x080038ea   0x080038ea   0x00000024   Code   RO          635    i.ReadADCChannel    ad7193.o
    0x0800390e   0x0800390e   0x00000002   PAD
    0x08003910   0x08003910   0x0000005c   Code   RO          636    i.ReadADCData       ad7193.o
    0x0800396c   0x0800396c   0x00000058   Code   RO          637    i.ReadRegisterMap   ad7193.o
    0x080039c4   0x080039c4   0x00000070   Code   RO          225    i.SD_PowerOn        sd_fatfs.o
    0x08003a34   0x08003a34   0x00000020   Code   RO          226    i.SD_ReadyWait      sd_fatfs.o
    0x08003a54   0x08003a54   0x00000050   Code   RO          227    i.SD_RxDataBlock    sd_fatfs.o
    0x08003aa4   0x08003aa4   0x0000006e   Code   RO          228    i.SD_SendCmd        sd_fatfs.o
    0x08003b12   0x08003b12   0x00000002   PAD
    0x08003b14   0x08003b14   0x0000006a   Code   RO          229    i.SD_TxDataBlock    sd_fatfs.o
    0x08003b7e   0x08003b7e   0x00000002   PAD
    0x08003b80   0x08003b80   0x00000138   Code   RO          230    i.SD_disk_initialize  sd_fatfs.o
    0x08003cb8   0x08003cb8   0x00000144   Code   RO          231    i.SD_disk_ioctl     sd_fatfs.o
    0x08003dfc   0x08003dfc   0x00000098   Code   RO          232    i.SD_disk_read      sd_fatfs.o
    0x08003e94   0x08003e94   0x00000010   Code   RO          233    i.SD_disk_status    sd_fatfs.o
    0x08003ea4   0x08003ea4   0x000000b8   Code   RO          234    i.SD_disk_write     sd_fatfs.o
    0x08003f5c   0x08003f5c   0x00000050   Code   RO           14    i.SD_intToStr       sd_card.o
    0x08003fac   0x08003fac   0x00000010   Code   RO          235    i.SELECT            sd_fatfs.o
    0x08003fbc   0x08003fbc   0x00000020   Code   RO         2613    i.SPI_EndRxTxTransaction  stm32f1xx_hal_spi.o
    0x08003fdc   0x08003fdc   0x00000034   Code   RO          236    i.SPI_RxByte        sd_fatfs.o
    0x08004010   0x08004010   0x00000020   Code   RO          237    i.SPI_TxByte        sd_fatfs.o
    0x08004030   0x08004030   0x000000b8   Code   RO         2618    i.SPI_WaitFlagStateUntilTimeout  stm32f1xx_hal_spi.o
    0x080040e8   0x080040e8   0x00000002   Code   RO         1058    i.SVC_Handler       stm32f1xx_it.o
    0x080040ea   0x080040ea   0x00000002   PAD
    0x080040ec   0x080040ec   0x00000024   Code   RO          639    i.SetAveraging      ad7193.o
    0x08004110   0x08004110   0x00000034   Code   RO          640    i.SetChannel        ad7193.o
    0x08004144   0x08004144   0x00000024   Code   RO          641    i.SetFilterSinc3    ad7193.o
    0x08004168   0x08004168   0x00000050   Code   RO          642    i.SetPGAGain        ad7193.o
    0x080041b8   0x080041b8   0x00000024   Code   RO          643    i.SetPsuedoDifferentialInputs  ad7193.o
    0x080041dc   0x080041dc   0x00000058   Code   RO          644    i.SetRegisterValue  ad7193.o
    0x08004234   0x08004234   0x00000004   Code   RO         1059    i.SysTick_Handler   stm32f1xx_it.o
    0x08004238   0x08004238   0x00000060   Code   RO          759    i.SystemClock_Config  main.o
    0x08004298   0x08004298   0x00000002   Code   RO         3860    i.SystemInit        system_stm32f1xx.o
    0x0800429a   0x0800429a   0x00000002   PAD
    0x0800429c   0x0800429c   0x0000000c   Code   RO         1060    i.TIM6_IRQHandler   stm32f1xx_it.o
    0x080042a8   0x080042a8   0x0000000c   Code   RO         1061    i.TIM7_IRQHandler   stm32f1xx_it.o
    0x080042b4   0x080042b4   0x0000008c   Code   RO         2981    i.TIM_Base_SetConfig  stm32f1xx_hal_tim.o
    0x08004340   0x08004340   0x00000004   Code   RO         1178    i.USER_initialize   user_diskio.o
    0x08004344   0x08004344   0x00000004   Code   RO         1179    i.USER_ioctl        user_diskio.o
    0x08004348   0x08004348   0x00000004   Code   RO         1180    i.USER_read         user_diskio.o
    0x0800434c   0x0800434c   0x00000004   Code   RO         1181    i.USER_status       user_diskio.o
    0x08004350   0x08004350   0x00000004   Code   RO         1182    i.USER_write        user_diskio.o
    0x08004354   0x08004354   0x00000002   Code   RO         1062    i.UsageFault_Handler  stm32f1xx_it.o
    0x08004356   0x08004356   0x00000002   PAD
    0x08004358   0x08004358   0x00000034   Code   RO          645    i.WaitForADC        ad7193.o
    0x0800438c   0x0800438c   0x00000028   Code   RO         4487    i.__ARM_fpclassify  m_ws.l(fpclassify.o)
    0x080043b4   0x080043b4   0x00000020   Code   RO         2077    i.__NVIC_SetPriority  stm32f1xx_hal_cortex.o
    0x080043d4   0x080043d4   0x000000aa   Code   RO         4489    i.__kernel_poly     m_ws.l(poly.o)
    0x0800447e   0x0800447e   0x00000002   PAD
    0x08004480   0x08004480   0x00000010   Code   RO         4473    i.__mathlib_dbl_divzero  m_ws.l(dunder.o)
    0x08004490   0x08004490   0x00000004   Code   RO         4475    i.__mathlib_dbl_infnan2  m_ws.l(dunder.o)
    0x08004494   0x08004494   0x0000000c   Code   RO         4476    i.__mathlib_dbl_invalid  m_ws.l(dunder.o)
    0x080044a0   0x080044a0   0x0000000e   Code   RO         4477    i.__mathlib_dbl_overflow  m_ws.l(dunder.o)
    0x080044ae   0x080044ae   0x00000002   PAD
    0x080044b0   0x080044b0   0x00000010   Code   RO         4479    i.__mathlib_dbl_underflow  m_ws.l(dunder.o)
    0x080044c0   0x080044c0   0x0000000e   Code   RO         4550    i.__scatterload_copy  mc_w.l(handlers.o)
    0x080044ce   0x080044ce   0x00000002   Code   RO         4551    i.__scatterload_null  mc_w.l(handlers.o)
    0x080044d0   0x080044d0   0x0000000e   Code   RO         4552    i.__scatterload_zeroinit  mc_w.l(handlers.o)
    0x080044de   0x080044de   0x00000002   PAD
    0x080044e0   0x080044e0   0x0000000c   Code   RO         4528    i.__set_errno       mc_w.l(errno.o)
    0x080044ec   0x080044ec   0x00000078   Code   RO         3952    i.check_fs          ff.o
    0x08004564   0x08004564   0x00000010   Code   RO         3953    i.chk_chr           ff.o
    0x08004574   0x08004574   0x00000068   Code   RO         3954    i.chk_lock          ff.o
    0x080045dc   0x080045dc   0x00000024   Code   RO         3955    i.clear_lock        ff.o
    0x08004600   0x08004600   0x0000002e   Code   RO         3956    i.clmt_clust        ff.o
    0x0800462e   0x0800462e   0x00000048   Code   RO           16    i.close_SD          sd_card.o
    0x08004676   0x08004676   0x00000002   PAD
    0x08004678   0x08004678   0x00000068   Code   RO           17    i.close_file_SD     sd_card.o
    0x080046e0   0x080046e0   0x0000001c   Code   RO         3957    i.clust2sect        ff.o
    0x080046fc   0x080046fc   0x000000a4   Code   RO         3958    i.create_chain      ff.o
    0x080047a0   0x080047a0   0x00000204   Code   RO         3959    i.create_name       ff.o
    0x080049a4   0x080049a4   0x0000003c   Code   RO         3960    i.dec_lock          ff.o
    0x080049e0   0x080049e0   0x00000140   Code   RO         3961    i.dir_find          ff.o
    0x08004b20   0x08004b20   0x0000011c   Code   RO         3962    i.dir_next          ff.o
    0x08004c3c   0x08004c3c   0x000001c0   Code   RO         3964    i.dir_register      ff.o
    0x08004dfc   0x08004dfc   0x0000009a   Code   RO         3966    i.dir_sdi           ff.o
    0x08004e96   0x08004e96   0x00000002   PAD
    0x08004e98   0x08004e98   0x00000028   Code   RO         3897    i.disk_initialize   diskio.o
    0x08004ec0   0x08004ec0   0x0000001c   Code   RO         3898    i.disk_ioctl        diskio.o
    0x08004edc   0x08004edc   0x0000001c   Code   RO         3899    i.disk_read         diskio.o
    0x08004ef8   0x08004ef8   0x00000018   Code   RO         3900    i.disk_status       diskio.o
    0x08004f10   0x08004f10   0x0000001c   Code   RO         3901    i.disk_write        diskio.o
    0x08004f2c   0x08004f2c   0x0000002a   Code   RO         3968    i.f_close           ff.o
    0x08004f56   0x08004f56   0x00000002   PAD
    0x08004f58   0x08004f58   0x00000064   Code   RO         3975    i.f_mount           ff.o
    0x08004fbc   0x08004fbc   0x00000200   Code   RO         3976    i.f_open            ff.o
    0x080051bc   0x080051bc   0x000000a2   Code   RO         3985    i.f_sync            ff.o
    0x0800525e   0x0800525e   0x000001c6   Code   RO         3989    i.f_write           ff.o
    0x08005424   0x08005424   0x00000038   Code   RO         4369    i.ff_convert        ccsbcs.o
    0x0800545c   0x0800545c   0x00000024   Code   RO         4370    i.ff_wtoupper       ccsbcs.o
    0x08005480   0x08005480   0x000002dc   Code   RO         3990    i.find_volume       ff.o
    0x0800575c   0x0800575c   0x0000006a   Code   RO         3991    i.follow_path       ff.o
    0x080057c6   0x080057c6   0x00000002   PAD
    0x080057c8   0x080057c8   0x00000050   Code   RO         4415    i.free              mc_w.l(malloc.o)
    0x08005818   0x08005818   0x00000080   Code   RO         3992    i.gen_numname       ff.o
    0x08005898   0x08005898   0x000000f0   Code   RO         3993    i.get_fat           ff.o
    0x08005988   0x08005988   0x00000004   Code   RO         1240    i.get_fattime       fatfs.o
    0x0800598c   0x0800598c   0x0000003c   Code   RO         3995    i.get_ldnumber      ff.o
    0x080059c8   0x080059c8   0x00000098   Code   RO         3996    i.inc_lock          ff.o
    0x08005a60   0x08005a60   0x00000016   Code   RO         3997    i.ld_clust          ff.o
    0x08005a76   0x08005a76   0x00000002   PAD
    0x08005a78   0x08005a78   0x0000021c   Code   RO          760    i.main              main.o
    0x08005c94   0x08005c94   0x0000006c   Code   RO         4416    i.malloc            mc_w.l(malloc.o)
    0x08005d00   0x08005d00   0x00000012   Code   RO         3998    i.mem_cpy           ff.o
    0x08005d12   0x08005d12   0x0000000e   Code   RO         3999    i.mem_set           ff.o
    0x08005d20   0x08005d20   0x00000038   Code   RO         4000    i.move_window       ff.o
    0x08005d58   0x08005d58   0x00000048   Code   RO           18    i.open_SD           sd_card.o
    0x08005da0   0x08005da0   0x000000e8   Code   RO           19    i.open_file_SD      sd_card.o
    0x08005e88   0x08005e88   0x000009d8   Code   RO         4399    i.pow               m_ws.l(pow.o)
    0x08006860   0x08006860   0x0000011c   Code   RO         4001    i.put_fat           ff.o
    0x0800697c   0x0800697c   0x00000066   Code   RO         4003    i.remove_chain      ff.o
    0x080069e2   0x080069e2   0x0000004c   Code   RO         4493    i.sqrt              m_ws.l(sqrt.o)
    0x08006a2e   0x08006a2e   0x00000002   PAD
    0x08006a30   0x08006a30   0x0000004c   Code   RO          527    i.ssd1306_clear_screen  ssd1306.o
    0x08006a7c   0x08006a7c   0x00000094   Code   RO          528    i.ssd1306_display_char  ssd1306.o
    0x08006b10   0x08006b10   0x00000058   Code   RO          532    i.ssd1306_display_string  ssd1306.o
    0x08006b68   0x08006b68   0x0000005e   Code   RO          535    i.ssd1306_draw_bitmap  ssd1306.o
    0x08006bc6   0x08006bc6   0x00000002   PAD
    0x08006bc8   0x08006bc8   0x0000003c   Code   RO          536    i.ssd1306_draw_point  ssd1306.o
    0x08006c04   0x08006c04   0x00000110   Code   RO          538    i.ssd1306_init      ssd1306.o
    0x08006d14   0x08006d14   0x0000004c   Code   RO          539    i.ssd1306_refresh_gram  ssd1306.o
    0x08006d60   0x08006d60   0x00000050   Code   RO          540    i.ssd1306_write_byte  ssd1306.o
    0x08006db0   0x08006db0   0x00000010   Code   RO         4004    i.st_clust          ff.o
    0x08006dc0   0x08006dc0   0x0000001a   Code   RO         4005    i.sum_sfn           ff.o
    0x08006dda   0x08006dda   0x000000a8   Code   RO         4006    i.sync_fs           ff.o
    0x08006e82   0x08006e82   0x00000052   Code   RO         4007    i.sync_window       ff.o
    0x08006ed4   0x08006ed4   0x0000002a   Code   RO         4008    i.validate          ff.o
    0x08006efe   0x08006efe   0x0000007e   Code   RO           20    i.write_SD          sd_card.o
    0x08006f7c   0x08006f7c   0x0000021c   Code   RO           21    i.write_info        sd_card.o
    0x08007198   0x08007198   0x00000324   Code   RO           22    i.write_to_file_SD  sd_card.o
    0x080074bc   0x080074bc   0x00000474   Data   RO          323    .constdata          fonts.o
    0x08007930   0x08007930   0x000005f0   Data   RO          324    .constdata          fonts.o
    0x08007f20   0x08007f20   0x00000010   Data   RO          330    .constdata          fonts.o
    0x08007f30   0x08007f30   0x00000010   Data   RO          331    .constdata          fonts.o
    0x08007f40   0x08007f40   0x00000010   Data   RO          332    .constdata          fonts.o
    0x08007f50   0x08007f50   0x00000010   Data   RO          333    .constdata          fonts.o
    0x08007f60   0x08007f60   0x00000010   Data   RO          334    .constdata          fonts.o
    0x08007f70   0x08007f70   0x00000010   Data   RO         3861    .constdata          system_stm32f1xx.o
    0x08007f80   0x08007f80   0x000000ba   Data   RO         4010    .constdata          ff.o
    0x0800803a   0x0800803a   0x000004c0   Data   RO         4371    .constdata          ccsbcs.o
    0x080084fa   0x080084fa   0x00000006   PAD
    0x08008500   0x08008500   0x00000088   Data   RO         4400    .constdata          m_ws.l(pow.o)
    0x08008588   0x08008588   0x00000008   Data   RO         4491    .constdata          m_ws.l(qnan.o)
    0x08008590   0x08008590   0x00000020   Data   RO         4548    Region$$Table       anon$$obj.o


    Execution Region RW_IRAM1 (Exec base: 0x20000000, Load base: 0x080085b0, Size: 0x0000a128, Max: 0x00010000, ABSOLUTE)

    Exec Addr    Load Addr    Size         Type   Attr      Idx    E Section Name        Object

    0x20000000   0x080085b0   0x00000010   Data   RW           24    .data               sd_card.o
    0x20000010   0x080085c0   0x00000003   Data   RW          238    .data               sd_fatfs.o
    0x20000013   0x080085c3   0x00000001   PAD
    0x20000014   0x080085c4   0x00000030   Data   RW          646    .data               ad7193.o
    0x20000044   0x080085f4   0x00000094   Data   RW          765    .data               main.o
    0x200000d8   0x08008688   0x00000004   Data   RW         1006    .data               tim.o
    0x200000dc   0x0800868c   0x00000002   Data   RW         1064    .data               stm32f1xx_it.o
    0x200000de   0x0800868e   0x00000002   PAD
    0x200000e0   0x08008690   0x00000014   Data   RW         1183    .data               user_diskio.o
    0x200000f4   0x080086a4   0x00000005   Data   RW         1243    .data               fatfs.o
    0x200000f9   0x080086a9   0x00000003   PAD
    0x200000fc   0x080086ac   0x0000000c   Data   RW         1614    .data               stm32f1xx_hal.o
    0x20000108   0x080086b8   0x00000004   Data   RW         3863    .data               system_stm32f1xx.o
    0x2000010c   0x080086bc   0x00000008   Data   RW         4011    .data               ff.o
    0x20000114   0x080086c4   0x00000004   Data   RW         4524    .data               mc_w.l(mvars.o)
    0x20000118   0x080086c8   0x00000004   Data   RW         4525    .data               mc_w.l(mvars.o)
    0x2000011c   0x080086cc   0x00000004   Data   RW         4529    .data               mc_w.l(errno.o)
    0x20000120        -       0x00009190   Zero   RW           23    .bss                sd_card.o
    0x200092b0        -       0x00000400   Zero   RW          541    .bss                ssd1306.o
    0x200096b0        -       0x00000074   Zero   RW          884    .bss                adc.o
    0x20009724        -       0x00000108   Zero   RW          952    .bss                spi.o
    0x2000982c        -       0x00000090   Zero   RW         1005    .bss                tim.o
    0x200098bc        -       0x00000260   Zero   RW         4009    .bss                ff.o
    0x20009b1c        -       0x0000000c   Zero   RW         4293    .bss                ff_gen_drv.o
    0x20009b28        -       0x00000200   Zero   RW            2    HEAP                startup_stm32f103xe.o
    0x20009d28        -       0x00000400   Zero   RW            1    STACK               startup_stm32f103xe.o


==============================================================================

Image component sizes


      Code (inc. data)   RO Data    RW Data    ZI Data      Debug   Object Name

       976         98          0         48          0       9185   ad7193.o
       224         32          0          0        116       1715   adc.o
        92         12       1216          0          0       1955   ccsbcs.o
       148         22          0          0          0       3549   diskio.o
        44          4          0          0          0        746   dma.o
        32         10          0          5          0       1472   fatfs.o
      5814         88        186          8        608      36238   ff.o
        70          4          0          0         12       1563   ff_gen_drv.o
         0          0       2740          0          0       1298   fonts.o
       336         28          0          0          0       1055   gpio.o
      1866        114          0        148          0       8259   main.o
      2822        704          0          0          0      11212   oled.o
      2066        364          0         16      37264     509010   sd_card.o
      1544         62          0          3          0      10189   sd_fatfs.o
       444         52          0          0        264       2903   spi.o
       894         42          0          0       1024       6256   ssd1306.o
        36          8        304          0       1536        796   startup_stm32f103xe.o
       164         28          0         12          0       6465   stm32f1xx_hal.o
      1116         58          0          0          0       8502   stm32f1xx_hal_adc.o
       198         14          0          0          0      28899   stm32f1xx_hal_cortex.o
       862         44          0          0          0       3635   stm32f1xx_hal_dma.o
       548         48          0          0          0       4090   stm32f1xx_hal_gpio.o
        60          8          0          0          0        858   stm32f1xx_hal_msp.o
      1208         76          0          0          0       4046   stm32f1xx_hal_rcc.o
       236         12          0          0          0       1372   stm32f1xx_hal_rcc_ex.o
      1240          4          0          0          0       6703   stm32f1xx_hal_spi.o
       752         40          0          0          0       7060   stm32f1xx_hal_tim.o
       128         20          0          0          0       2345   stm32f1xx_hal_tim_ex.o
        56         18          0          2          0       5798   stm32f1xx_it.o
         0          0          0          0          0        512   syscall.o
         2          0         16          4          0       1095   system_stm32f1xx.o
       244         36          0          4        144       2166   tim.o
        20          0          0         20          0       3360   user_diskio.o

    ----------------------------------------------------------------------
     24286       2050       4500        276      40968     694307   Object Totals
         0          0         32          0          0          0   (incl. Generated)
        44          0          6          6          0          0   (incl. Padding)

    ----------------------------------------------------------------------

      Code (inc. data)   RO Data    RW Data    ZI Data      Debug   Library Member Name

        62         10          0          0          0        340   dunder.o
        40          0          0          0          0         68   fpclassify.o
       170          0          0          0          0         96   poly.o
      2520        190        136          0          0        324   pow.o
         0          0          8          0          0          0   qnan.o
        76          0          0          0          0         84   sqrt.o
         0          0          0          0          0          0   entry.o
         0          0          0          0          0          0   entry10a.o
         0          0          0          0          0          0   entry11a.o
         4          0          0          0          0          0   entry12b.o
         8          4          0          0          0          0   entry2.o
         4          0          0          0          0          0   entry5.o
         0          0          0          0          0          0   entry7b.o
         0          0          0          0          0          0   entry8b.o
         8          4          0          0          0          0   entry9a.o
        12          6          0          4          0         68   errno.o
        30          0          0          0          0          0   handlers.o
        36          8          0          0          0         68   init.o
         0          0          0          0          0          0   iusefp.o
        30          0          0          0          0         68   llshl.o
        36          0          0          0          0         68   llsshr.o
        32          0          0          0          0         68   llushr.o
       188         20          0          0          0        160   malloc.o
        36          0          0          0          0        108   memseta.o
         0          0          0          8          0          0   mvars.o
        48          0          0          0          0         68   cdrcmple.o
        56          0          0          0          0         88   d2f.o
       334          0          0          0          0        148   dadd.o
       222          0          0          0          0        100   ddiv.o
       186          0          0          0          0        176   depilogue.o
        34          0          0          0          0         76   dflti.o
        26          0          0          0          0         76   dfltui.o
       228          0          0          0          0         96   dmul.o
        46          0          0          0          0         80   dscalb.o
       162          0          0          0          0        100   dsqrt.o
        38          0          0          0          0         68   f2d.o
       176          0          0          0          0        140   fadd.o
       124          0          0          0          0         88   fdiv.o
       110          0          0          0          0        168   fepilogue.o
        50          0          0          0          0         68   ffixi.o
        18          0          0          0          0         68   fflti.o
        10          0          0          0          0         68   ffltui.o
       100          0          0          0          0         76   fmul.o
        24          0          0          0          0         68   fscalb.o

    ----------------------------------------------------------------------
      5294        242        144         12          0       3340   Library Totals
        10          0          0          0          0          0   (incl. Padding)

    ----------------------------------------------------------------------

      Code (inc. data)   RO Data    RW Data    ZI Data      Debug   Library Name

      2868        200        144          0          0        912   m_ws.l
       424         42          0         12          0        608   mc_w.l
      1992          0          0          0          0       1820   mf_w.l

    ----------------------------------------------------------------------
      5294        242        144         12          0       3340   Library Totals

    ----------------------------------------------------------------------

==============================================================================


      Code (inc. data)   RO Data    RW Data    ZI Data      Debug   

     29580       2292       4644        288      40968     685787   Grand Totals
     29580       2292       4644        288      40968     685787   ELF Image Totals
     29580       2292       4644        288          0          0   ROM Totals

==============================================================================

    Total RO  Size (Code + RO Data)                34224 (  33.42kB)
    Total RW  Size (RW Data + ZI Data)             41256 (  40.29kB)
    Total ROM Size (Code + RO Data + RW Data)      34512 (  33.70kB)

==============================================================================

